Component: ARM Compiler 5.06 update 7 (build 960) Tool: armlink [4d3601]

==============================================================================

Section Cross References

    main.o(i.main) refers to beep.o(i.Beep_Init) for Beep_Init
    main.o(i.main) refers to led.o(i.Led_Init) for Led_Init
    main.o(i.main) refers to key.o(i.Key_Init) for Key_Init
    main.o(i.main) refers to usart.o(i.Usartx_Init) for Usartx_Init
    main.o(i.main) refers to printfa.o(i.__0printf) for __2printf
    main.o(i.main) refers to w25q64.o(i.W25Q64_Init) for W25Q64_Init
    main.o(i.main) refers to iic.o(i.IIC_Init) for IIC_Init
    main.o(i.main) refers to nt35310.o(i.LCD_Init) for LCD_Init
    main.o(i.main) refers to sram.o(i.Sram_Init) for Sram_Init
    main.o(i.main) refers to xpt2046.o(i.XPT2046_Init) for XPT2046_Init
    main.o(i.main) refers to xpt2046.o(i.Touch_Calibration) for Touch_Calibration
    main.o(i.main) refers to nt35310.o(i.LCD_Clear) for LCD_Clear
    main.o(i.main) refers to nt35310.o(i.LCD_Refresh) for LCD_Refresh
    main.o(i.main) refers to nt35310.o(i.LCD_Display_Str2) for LCD_Display_Str2
    main.o(i.main) refers to ff.o(i.f_mount) for f_mount
    main.o(i.main) refers to printfa.o(i.__0snprintf) for __2snprintf
    main.o(i.main) refers to delay.o(i.Delay_Ms) for Delay_Ms
    main.o(i.main) refers to w25q64.o(i.W25Q64_ReadData) for W25Q64_ReadData
    main.o(i.main) refers to strstr.o(.text) for strstr
    main.o(i.main) refers to fileapp.o(i.SDcard_DownFont) for SDcard_DownFont
    main.o(i.main) refers to fileapp.o(i.FATFS_printDir) for FATFS_printDir
    main.o(i.main) refers to main.o(.bss) for fs
    main.o(i.main) refers to xpt2046.o(i.XPT2046_ReadXY) for XPT2046_ReadXY
    main.o(i.main) refers to fileapp.o(i.List_CheckNode) for List_CheckNode
    main.o(i.main) refers to nt35310.o(i.LcdFill) for LcdFill
    main.o(i.main) refers to nt35310.o(i.OLED_DrawRectangle) for OLED_DrawRectangle
    main.o(i.main) refers to nt35310.o(i.LCD_DrawLine) for LCD_DrawLine
    main.o(i.main) refers to fileapp.o(i.FATFS_ReadFile) for FATFS_ReadFile
    main.o(i.main) refers to xpt2046.o(.bss) for xpt2046_info
    main.o(i.main) refers to fileapp.o(.data) for story_head
    system_stm32f10x.o(i.SetSysClock) refers to system_stm32f10x.o(i.SetSysClockTo72) for SetSysClockTo72
    system_stm32f10x.o(i.SystemCoreClockUpdate) refers to system_stm32f10x.o(.data) for SystemCoreClock
    system_stm32f10x.o(i.SystemInit) refers to system_stm32f10x.o(i.SystemInit_ExtMemCtl) for SystemInit_ExtMemCtl
    system_stm32f10x.o(i.SystemInit) refers to system_stm32f10x.o(i.SetSysClock) for SetSysClock
    startup_stm32f10x_hd.o(RESET) refers to startup_stm32f10x_hd.o(.text) for Reset_Handler
    startup_stm32f10x_hd.o(RESET) refers to sys.o(i.SysTick_Handler) for SysTick_Handler
    startup_stm32f10x_hd.o(RESET) refers to rtc.o(i.RTC_IRQHandler) for RTC_IRQHandler
    startup_stm32f10x_hd.o(RESET) refers to timer.o(i.TIM1_UP_IRQHandler) for TIM1_UP_IRQHandler
    startup_stm32f10x_hd.o(RESET) refers to timer.o(i.TIM2_IRQHandler) for TIM2_IRQHandler
    startup_stm32f10x_hd.o(RESET) refers to timer.o(i.TIM3_IRQHandler) for TIM3_IRQHandler
    startup_stm32f10x_hd.o(RESET) refers to infrared.o(i.TIM4_IRQHandler) for TIM4_IRQHandler
    startup_stm32f10x_hd.o(RESET) refers to usart.o(i.USART1_IRQHandler) for USART1_IRQHandler
    startup_stm32f10x_hd.o(RESET) refers to usart.o(i.USART2_IRQHandler) for USART2_IRQHandler
    startup_stm32f10x_hd.o(RESET) refers to usart.o(i.USART3_IRQHandler) for USART3_IRQHandler
    startup_stm32f10x_hd.o(RESET) refers to sdcard.o(i.SDIO_IRQHandler) for SDIO_IRQHandler
    startup_stm32f10x_hd.o(.text) refers to system_stm32f10x.o(i.SystemInit) for SystemInit
    startup_stm32f10x_hd.o(.text) refers to entry.o(.ARM.Collect$$$$00000000) for __main
    sys.o(i.SysTick_Handler) refers to printfa.o(i.__0printf) for __2printf
    key.o(i.Key_Getval) refers to delay.o(i.Delay_Ms) for Delay_Ms
    key.o(i.Key_Getval) refers to key.o(.data) for stat
    usart.o(i.USART1_IRQHandler) refers to usart.o(.data) for usart1_flag
    usart.o(i.USART1_IRQHandler) refers to usart.o(.bss) for usart1_rx_buff
    usart.o(i.USART2_IRQHandler) refers to usart.o(.data) for usart2_flag
    usart.o(i.USART2_IRQHandler) refers to usart.o(.bss) for usart2_rx_buff
    usart.o(i.USART3_IRQHandler) refers to usart.o(.data) for usart3_flag
    usart.o(i.USART3_IRQHandler) refers to usart.o(.bss) for usart3_rx_buff
    timer.o(i.TIM2_IRQHandler) refers to usart.o(.data) for usart1_flag
    timer.o(i.TIM3_IRQHandler) refers to usart.o(.data) for usart2_flag
    timer.o(i.TIM4_CH4_InputCapture_Config) refers to sys.o(i.STM32_NVIC_SetPriority) for STM32_NVIC_SetPriority
    w25q64.o(i.W25Q64_Init) refers to spi.o(i.SPI2_Init) for SPI2_Init
    w25q64.o(i.W25Q64_PagePragram) refers to w25q64.o(i.W25Q64_WriteEnter) for W25Q64_WriteEnter
[...]
    .text                                    0x080005f6   Section        0  d2f.o(.text)
    .text                                    0x08000630   Section       20  cfcmple.o(.text)
    .text                                    0x08000644   Section        0  uidiv.o(.text)
    .text                                    0x08000670   Section        0  uldiv.o(.text)
    .text                                    0x080006d2   Section        0  llushr.o(.text)
    .text                                    0x080006f2   Section        0  fepilogue.o(.text)
    .text                                    0x080006f2   Section        0  iusefp.o(.text)
    .text                                    0x08000760   Section        0  depilogue.o(.text)
    .text                                    0x0800081a   Section        0  dadd.o(.text)
    .text                                    0x08000968   Section        0  dfixul.o(.text)
    .text                                    0x08000998   Section       48  cdrcmple.o(.text)
    .text                                    0x080009c8   Section       36  init.o(.text)
    .text                                    0x080009ec   Section        0  llshl.o(.text)
    .text                                    0x08000a0a   Section        0  llsshr.o(.text)
    i.AT24C08_PagePragram                    0x08000a2e   Section        0  at24c08.o(i.AT24C08_PagePragram)
    AT24C08_PagePragram                      0x08000a2f   Thumb Code   126  at24c08.o(i.AT24C08_PagePragram)
    i.AT24C08_ReadData                       0x08000aac   Section        0  at24c08.o(i.AT24C08_ReadData)
    i.AT24C08_WriteData                      0x08000b48   Section        0  at24c08.o(i.AT24C08_WriteData)
    i.Beep_Init                              0x08000b9c   Section        0  beep.o(i.Beep_Init)
    i.CmdError                               0x08000bc8   Section        0  sdcard.o(i.CmdError)
    i.CmdResp1Error                          0x08000bfc   Section        0  sdcard.o(i.CmdResp1Error)
    i.CmdResp2Error                          0x08000c54   Section        0  sdcard.o(i.CmdResp2Error)
    i.CmdResp3Error                          0x08000cb0   Section        0  sdcard.o(i.CmdResp3Error)
    i.CmdResp6Error                          0x08000ce8   Section        0  sdcard.o(i.CmdResp6Error)
    i.CmdResp7Error                          0x08000d7c   Section        0  sdcard.o(i.CmdResp7Error)
    i.Delay_Ms                               0x08000dd0   Section        0  delay.o(i.Delay_Ms)
    i.Delay_Us                               0x08000e16   Section        0  delay.o(i.Delay_Us)
    i.FATFS_ReadFile                         0x08000e5c   Section        0  fileapp.o(i.FATFS_ReadFile)
    i.FATFS_printDir                         0x080010f0   Section        0  fileapp.o(i.FATFS_printDir)
    i.FindSCR                                0x080011ac   Section        0  sdcard.o(i.FindSCR)
    i.Get_Week                               0x080012f8   Section        0  rtc.o(i.Get_Week)
    i.IIC_GetAck                             0x0800135c   Section        0  iic.o(i.IIC_GetAck)
    i.IIC_Init                               0x080013c0   Section        0  iic.o(i.IIC_Init)
    i.IIC_Read_OneByte                       0x080013fc   Section        0  iic.o(i.IIC_Read_OneByte)
    i.IIC_SendAck                            0x08001464   Section        0  iic.o(i.IIC_SendAck)
    i.IIC_Send_OneByte                       0x080014b0   Section        0  iic.o(i.IIC_Send_OneByte)
    i.IIC_Send_Start                         0x08001514   Section        0  iic.o(i.IIC_Send_Start)
    i.IIC_Send_Stop                          0x08001558   Section        0  iic.o(i.IIC_Send_Stop)
    i.INTX_DISABLE                           0x080015a4   Section        0  sys.o(i.INTX_DISABLE)
    i.INTX_ENABLE                            0x080015a8   Section        0  sys.o(i.INTX_ENABLE)
    i.IsCardProgramming                      0x080015ac   Section        0  sdcard.o(i.IsCardProgramming)
    i.Key_Init                               0x0800163c   Section        0  key.o(i.Key_Init)
    i.LCD_Clear                              0x080016a8   Section        0  nt35310.o(i.LCD_Clear)
    i.LCD_DispalyCha                         0x080016d8   Section        0  nt35310.o(i.LCD_DispalyCha)
    LCD_DispalyCha                           0x080016d9   Thumb Code   194  nt35310.o(i.LCD_DispalyCha)
    i.LCD_Display_Font                       0x080017a8   Section        0  nt35310.o(i.LCD_Display_Font)
    i.LCD_Display_Str                        0x080018c0   Section        0  nt35310.o(i.LCD_Display_Str)
    i.LCD_Display_Str2                       0x080019d6   Section        0  nt35310.o(i.LCD_Display_Str2)
    i.LCD_DrawLine                           0x08001a80   Section        0  nt35310.o(i.LCD_DrawLine)
    i.LCD_DrawPoint                          0x08001b2c   Section        0  nt35310.o(i.LCD_DrawPoint)
    i.LCD_GPIO_Init                          0x08001b44   Section        0  nt35310.o(i.LCD_GPIO_Init)
    LCD_GPIO_Init                            0x08001b45   Thumb Code   326  nt35310.o(i.LCD_GPIO_Init)
    i.LCD_Init                               0x08001ca8   Section        0  nt35310.o(i.LCD_Init)
    i.LCD_Refresh                            0x08002bbc   Section        0  nt35310.o(i.LCD_Refresh)
    i.LcdFill                                0x08002c18   Section        0  nt35310.o(i.LcdFill)
    i.LcdWriteData                           0x08002c50   Section        0  nt35310.o(i.LcdWriteData)
    LcdWriteData                             0x08002c51   Thumb Code     6  nt35310.o(i.LcdWriteData)
    i.LcdWriteReg                            0x08002c5c   Section        0  nt35310.o(i.LcdWriteReg)
    LcdWriteReg                              0x08002c5d   Thumb Code     8  nt35310.o(i.LcdWriteReg)
    i.Led_Init                               0x08002c64   Section        0  led.o(i.Led_Init)
    i.List_AddNode                           0x08002cd4   Section        0  fileapp.o(i.List_AddNode)
    i.List_CheckNode                         0x08002cfe   Section        0  fileapp.o(i.List_CheckNode)
    i.List_CreateHead                        0x08002d42   Section        0  fileapp.o(i.List_CreateHead)
    i.List_PrintNode                         0x08002d60   Section        0  fileapp.o(i.List_PrintNode)
    i.OLED_DrawRectangle                     0x08002dc8   Section        0  nt35310.o(i.OLED_DrawRectangle)
    i.RTC_IRQHandler                         0x08002e14   Section        0  rtc.o(i.RTC_IRQHandler)
    i.SDEnWideBus                            0x08002e84   Section        0  sdcard.o(i.SDEnWideBus)
    i.SDIO_Clock_Set                         0x08002f04   Section        0  sdcard.o(i.SDIO_Clock_Set)
    i.SDIO_IRQHandler                        0x08002f18   Section        0  sdcard.o(i.SDIO_IRQHandler)
    i.SDIO_Send_Cmd                          0x08002f20   Section        0  sdcard.o(i.SDIO_Send_Cmd)
    i.SDIO_Send_Data_Cfg                     0x08002f48   Section        0  sdcard.o(i.SDIO_Send_Data_Cfg)
    i.SD_DMA_Config                          0x08002f7c   Section        0  sdcard.o(i.SD_DMA_Config)
    i.SD_EnableWideBusOperation              0x08003014   Section        0  sdcard.o(i.SD_EnableWideBusOperation)
    i.SD_GetCardInfo                         0x0800307c   Section        0  sdcard.o(i.SD_GetCardInfo)
    i.SD_Init                                0x0800338c   Section        0  sdcard.o(i.SD_Init)
    i.SD_InitializeCards                     0x08003494   Section        0  sdcard.o(i.SD_InitializeCards)
    i.SD_PowerON                             0x08003598   Section        0  sdcard.o(i.SD_PowerON)
    i.SD_ProcessIRQSrc                       0x08003710   Section        0  sdcard.o(i.SD_ProcessIRQSrc)
    i.SD_ReadBlock                           0x08003858   Section        0  sdcard.o(i.SD_ReadBlock)
    i.SD_ReadDisk                            0x08003a78   Section        0  sdcard.o(i.SD_ReadDisk)
    i.SD_ReadMultiBlocks                     0x08003b10   Section        0  sdcard.o(i.SD_ReadMultiBlocks)
    i.SD_SelectDeselect                      0x08003da8   Section        0  sdcard.o(i.SD_SelectDeselect)
    i.SD_SetDeviceMode                       0x08003dc0   Section        0  sdcard.o(i.SD_SetDeviceMode)
    i.SD_WriteBlock                          0x08003dd8   Section        0  sdcard.o(i.SD_WriteBlock)
    i.SD_WriteDisk                           0x080040f0   Section        0  sdcard.o(i.SD_WriteDisk)
    i.SD_WriteMultiBlocks                    0x08004188   Section        0  sdcard.o(i.SD_WriteMultiBlocks)
    i.SDcard_DownFont                        0x080044d8   Section        0  fileapp.o(i.SDcard_DownFont)
    i.SPI2_Init                              0x080046d0   Section        0  spi.o(i.SPI2_Init)
    i.SPI2_WR_OneByte                        0x08004750   Section        0  spi.o(i.SPI2_WR_OneByte)
    i.STM32_NVIC_SetPriority                 0x08004784   Section        0  sys.o(i.STM32_NVIC_SetPriority)
    i.Sec_Conversion_Time                    0x08004854   Section        0  rtc.o(i.Sec_Conversion_Time)
    i.SetSysClock                            0x080049c8   Section        0  system_stm32f10x.o(i.SetSysClock)
    SetSysClock                              0x080049c9   Thumb Code     8  system_stm32f10x.o(i.SetSysClock)
    i.SetSysClockTo72                        0x080049d0   Section        0  system_stm32f10x.o(i.SetSysClockTo72)
    SetSysClockTo72                          0x080049d1   Thumb Code   214  system_stm32f10x.o(i.SetSysClockTo72)
    i.Sram_Init                              0x08004ab0   Section        0  sram.o(i.Sram_Init)
    i.SysTick_Handler                        0x08004c58   Section        0  sys.o(i.SysTick_Handler)
    i.SystemInit                             0x08004c84   Section        0  system_stm32f10x.o(i.SystemInit)
    i.SystemInit_ExtMemCtl                   0x08004ce8   Section        0  system_stm32f10x.o(i.SystemInit_ExtMemCtl)
    SystemInit_ExtMemCtl                     0x08004ce9   Thumb Code    82  system_stm32f10x.o(i.SystemInit_ExtMemCtl)
    i.TIM1_UP_IRQHandler                     0x08004d64   Section        0  timer.o(i.TIM1_UP_IRQHandler)
    i.TIM2_IRQHandler                        0x08004d74   Section        0  timer.o(i.TIM2_IRQHandler)
    i.TIM3_IRQHandler                        0x08004da4   Section        0  timer.o(i.TIM3_IRQHandler)
    i.TIM4_IRQHandler                        0x08004dd4   Section        0  infrared.o(i.TIM4_IRQHandler)
    i.Touch_Calibration                      0x08004f54   Section        0  xpt2046.o(i.Touch_Calibration)
    i.USART1_IRQHandler                      0x080053dc   Section        0  usart.o(i.USART1_IRQHandler)
    i.USART2_IRQHandler                      0x0800543c   Section        0  usart.o(i.USART2_IRQHandler)
    i.USART3_IRQHandler                      0x080054a4   Section        0  usart.o(i.USART3_IRQHandler)
    i.Usartx_Init                            0x0800550c   Section        0  usart.o(i.Usartx_Init)
    i.W25Q64_Init                            0x08005630   Section        0  w25q64.o(i.W25Q64_Init)
    i.W25Q64_PagePragram                     0x08005674   Section        0  w25q64.o(i.W25Q64_PagePragram)
    W25Q64_PagePragram                       0x08005675   Thumb Code    88  w25q64.o(i.W25Q64_PagePragram)
    i.W25Q64_PageWrite                       0x080056d0   Section        0  w25q64.o(i.W25Q64_PageWrite)
    W25Q64_PageWrite                         0x080056d1   Thumb Code    66  w25q64.o(i.W25Q64_PageWrite)
    i.W25Q64_ReadData                        0x08005714   Section        0  w25q64.o(i.W25Q64_ReadData)
    i.W25Q64_SectorErase                     0x08005768   Section        0  w25q64.o(i.W25Q64_SectorErase)
    i.W25Q64_WaitBusy                        0x080057ac   Section        0  w25q64.o(i.W25Q64_WaitBusy)
    W25Q64_WaitBusy                          0x080057ad   Thumb Code    44  w25q64.o(i.W25Q64_WaitBusy)
    i.W25Q64_WriteData                       0x080057e0   Section        0  w25q64.o(i.W25Q64_WriteData)
    i.W25Q64_WriteEnter                      0x080058a4   Section        0  w25q64.o(i.W25Q64_WriteEnter)
    W25Q64_WriteEnter                        0x080058a5   Thumb Code    24  w25q64.o(i.W25Q64_WriteEnter)
    i.XPT2046_GetAvgXY                       0x080058c4   Section        0  xpt2046.o(i.XPT2046_GetAvgXY)
    XPT2046_GetAvgXY                         0x080058c5   Thumb Code   122  xpt2046.o(i.XPT2046_GetAvgXY)
    i.XPT2046_Init                           0x08005940   Section        0  xpt2046.o(i.XPT2046_Init)
    i.XPT2046_ReadXY                         0x080059b0   Section        0  xpt2046.o(i.XPT2046_ReadXY)
    i.XPT2046_WRData                         0x08005a30   Section        0  xpt2046.o(i.XPT2046_WRData)
    XPT2046_WRData                           0x08005a31   Thumb Code   144  xpt2046.o(i.XPT2046_WRData)
    i.Year_judge                             0x08005acc   Section        0  rtc.o(i.Year_judge)
    Year_judge                               0x08005acd   Thumb Code    50  rtc.o(i.Year_judge)
    i.__0printf                              0x08005b00   Section        0  printfa.o(i.__0printf)
    i.__0snprintf                            0x08005b20   Section        0  printfa.o(i.__0snprintf)
    i.__scatterload_copy                     0x08005b54   Section       14  handlers.o(i.__scatterload_copy)
    i.__scatterload_null                     0x08005b62   Section        2  handlers.o(i.__scatterload_null)
    i.__scatterload_zeroinit                 0x08005b64   Section       14  handlers.o(i.__scatterload_zeroinit)
    i._fp_digits                             0x08005b74   Section        0  printfa.o(i._fp_digits)
    _fp_digits                               0x08005b75   Thumb Code   366  printfa.o(i._fp_digits)
    i._printf_core                           0x08005cf8   Section        0  printfa.o(i._printf_core)
    _printf_core                             0x08005cf9   Thumb Code  1704  printfa.o(i._printf_core)
    i._printf_post_padding                   0x080063ac   Section        0  printfa.o(i._printf_post_padding)
    _printf_post_padding                     0x080063ad   Thumb Code    36  printfa.o(i._printf_post_padding)
    i._printf_pre_padding                    0x080063d0   Section        0  printfa.o(i._printf_pre_padding)
    _printf_pre_padding                      0x080063d1   Thumb Code    46  printfa.o(i._printf_pre_padding)
    i._snputc                                0x080063fe   Section        0  printfa.o(i._snputc)
    _snputc                                  0x080063ff   Thumb Code    22  printfa.o(i._snputc)
    i.check_fs                               0x08006414   Section        0  ff.o(i.check_fs)
    check_fs                                 0x08006415   Thumb Code   210  ff.o(i.check_fs)
    i.clst2sect                              0x080064f4   Section        0  ff.o(i.clst2sect)
    clst2sect                                0x080064f5   Thumb Code    26  ff.o(i.clst2sect)
    i.cmp_lfn                                0x08006510   Section        0  ff.o(i.cmp_lfn)
    cmp_lfn                                  0x08006511   Thumb Code   148  ff.o(i.cmp_lfn)
    i.convert_from_bytes_to_power_of_two     0x080065a8   Section        0  sdcard.o(i.convert_from_bytes_to_power_of_two)
    i.create_chain                           0x080065ba   Section        0  ff.o(i.create_chain)
    create_chain                             0x080065bb   Thumb Code   288  ff.o(i.create_chain)
    i.create_name                            0x080066dc   Section        0  ff.o(i.create_name)
    create_name                              0x080066dd   Thumb Code   584  ff.o(i.create_name)
    i.dbc_1st                                0x08006938   Section        0  ff.o(i.dbc_1st)
    dbc_1st                                  0x08006939   Thumb Code    46  ff.o(i.dbc_1st)
    i.dbc_2nd                                0x0800696c   Section        0  ff.o(i.dbc_2nd)
    dbc_2nd                                  0x0800696d   Thumb Code    66  ff.o(i.dbc_2nd)
    i.dir_alloc                              0x080069b4   Section        0  ff.o(i.dir_alloc)
    dir_alloc                                0x080069b5   Thumb Code    96  ff.o(i.dir_alloc)
    i.dir_clear                              0x08006a14   Section        0  ff.o(i.dir_clear)
    dir_clear                                0x08006a15   Thumb Code   194  ff.o(i.dir_clear)
    i.dir_find                               0x08006ad6   Section        0  ff.o(i.dir_find)
    dir_find                                 0x08006ad7   Thumb Code   252  ff.o(i.dir_find)
    i.dir_next                               0x08006bd2   Section        0  ff.o(i.dir_next)
    dir_next                                 0x08006bd3   Thumb Code   202  ff.o(i.dir_next)
    i.dir_read                               0x08006c9c   Section        0  ff.o(i.dir_read)
    dir_read                                 0x08006c9d   Thumb Code   210  ff.o(i.dir_read)
    i.dir_register                           0x08006d6e   Section        0  ff.o(i.dir_register)
    dir_register                             0x08006d6f   Thumb Code   326  ff.o(i.dir_register)
    i.dir_sdi                                0x08006eb4   Section        0  ff.o(i.dir_sdi)
    dir_sdi                                  0x08006eb5   Thumb Code   154  ff.o(i.dir_sdi)
    i.disk_initialize                        0x08006f4e   Section        0  diskio.o(i.disk_initialize)
    i.disk_ioctl                             0x08006f64   Section        0  diskio.o(i.disk_ioctl)
    i.disk_read                              0x08006fb8   Section        0  diskio.o(i.disk_read)
    i.disk_status                            0x08006fe0   Section        0  diskio.o(i.disk_status)
    i.disk_write                             0x08006fe6   Section        0  diskio.o(i.disk_write)
    i.f_close                                0x0800700e   Section        0  ff.o(i.f_close)
    i.f_closedir                             0x08007030   Section        0  ff.o(i.f_closedir)
    i.f_mount                                0x08007048   Section        0  ff.o(i.f_mount)
    i.f_open                                 0x0800709c   Section        0  ff.o(i.f_open)
    i.f_opendir                              0x080072ae   Section        0  ff.o(i.f_opendir)
    i.f_read                                 0x08007338   Section        0  ff.o(i.f_read)
    i.f_readdir                              0x080074d4   Section        0  ff.o(i.f_readdir)
    i.f_stat                                 0x0800753c   Section        0  ff.o(i.f_stat)
    i.f_sync                                 0x08007594   Section        0  ff.o(i.f_sync)
    i.ff_memalloc                            0x08007634   Section        0  ffsystem.o(i.ff_memalloc)
    i.ff_memfree                             0x08007640   Section        0  ffsystem.o(i.ff_memfree)
    i.ff_oem2uni                             0x0800764c   Section        0  ffunicode.o(i.ff_oem2uni)
    i.ff_uni2oem                             0x080076b4   Section        0  ffunicode.o(i.ff_uni2oem)
    i.ff_wtoupper                            0x08007728   Section        0  ffunicode.o(i.ff_wtoupper)
    i.find_volume                            0x080077d8   Section        0  ff.o(i.find_volume)
    find_volume                              0x080077d9   Thumb Code   120  ff.o(i.find_volume)
    i.follow_path                            0x08007850   Section        0  ff.o(i.follow_path)
    follow_path                              0x08007851   Thumb Code   158  ff.o(i.follow_path)
    i.fputc                                  0x080078f0   Section        0  usart.o(i.fputc)
    i.free                                   0x0800790c   Section        0  malloc.o(i.free)
    i.gen_numname                            0x0800795c   Section        0  ff.o(i.gen_numname)
    gen_numname                              0x0800795d   Thumb Code   206  ff.o(i.gen_numname)
    i.get_fat                                0x08007a30   Section        0  ff.o(i.get_fat)
    get_fat                                  0x08007a31   Thumb Code   224  ff.o(i.get_fat)
    i.get_fattime                            0x08007b10   Section        0  diskio.o(i.get_fattime)
    i.get_fileinfo                           0x08007b18   Section        0  ff.o(i.get_fileinfo)
    get_fileinfo                             0x08007b19   Thumb Code   386  ff.o(i.get_fileinfo)
    i.get_ldnumber                           0x08007c9a   Section        0  ff.o(i.get_ldnumber)
    get_ldnumber                             0x08007c9b   Thumb Code    78  ff.o(i.get_ldnumber)
    i.ld_clust                               0x08007ce8   Section        0  ff.o(i.ld_clust)
    ld_clust                                 0x08007ce9   Thumb Code    38  ff.o(i.ld_clust)
    i.ld_dword                               0x08007d0e   Section        0  ff.o(i.ld_dword)
    ld_dword                                 0x08007d0f   Thumb Code    24  ff.o(i.ld_dword)
    i.ld_word                                0x08007d26   Section        0  ff.o(i.ld_word)
    ld_word                                  0x08007d27   Thumb Code    12  ff.o(i.ld_word)
    i.main                                   0x08007d34   Section        0  main.o(i.main)
    i.malloc                                 0x080084a4   Section        0  malloc.o(i.malloc)
    i.mount_volume                           0x08008510   Section        0  ff.o(i.mount_volume)
    mount_volume                             0x08008511   Thumb Code   658  ff.o(i.mount_volume)
    i.move_window                            0x080087b8   Section        0  ff.o(i.move_window)
    move_window                              0x080087b9   Thumb Code    52  ff.o(i.move_window)
    i.pick_lfn                               0x080087ec   Section        0  ff.o(i.pick_lfn)
    pick_lfn                                 0x080087ed   Thumb Code   136  ff.o(i.pick_lfn)
    i.put_fat                                0x08008878   Section        0  ff.o(i.put_fat)
    put_fat                                  0x08008879   Thumb Code   312  ff.o(i.put_fat)
    i.put_lfn                                0x080089b0   Section        0  ff.o(i.put_lfn)
    put_lfn                                  0x080089b1   Thumb Code   124  ff.o(i.put_lfn)
    i.put_utf                                0x08008a30   Section        0  ff.o(i.put_utf)
    put_utf                                  0x08008a31   Thumb Code    66  ff.o(i.put_utf)
    i.remove_chain                           0x08008a72   Section        0  ff.o(i.remove_chain)
    remove_chain                             0x08008a73   Thumb Code   154  ff.o(i.remove_chain)
    i.st_clust                               0x08008b0c   Section        0  ff.o(i.st_clust)
    st_clust                                 0x08008b0d   Thumb Code    36  ff.o(i.st_clust)
    i.st_dword                               0x08008b30   Section        0  ff.o(i.st_dword)
    st_dword                                 0x08008b31   Thumb Code    24  ff.o(i.st_dword)
    i.st_word                                0x08008b48   Section        0  ff.o(i.st_word)
    st_word                                  0x08008b49   Thumb Code    12  ff.o(i.st_word)
    i.sum_sfn                                0x08008b54   Section        0  ff.o(i.sum_sfn)
    sum_sfn                                  0x08008b55   Thumb Code    32  ff.o(i.sum_sfn)
    i.sync_fs                                0x08008b74   Section        0  ff.o(i.sync_fs)
    sync_fs                                  0x08008b75   Thumb Code   132  ff.o(i.sync_fs)
    i.sync_window                            0x08008c00   Section        0  ff.o(i.sync_window)
    sync_window                              0x08008c01   Thumb Code    74  ff.o(i.sync_window)
    i.tchar2uni                              0x08008c4a   Section        0  ff.o(i.tchar2uni)
    tchar2uni                                0x08008c4b   Thumb Code    76  ff.o(i.tchar2uni)
    i.validate                               0x08008c96   Section        0  ff.o(i.validate)
    validate                                 0x08008c97   Thumb Code    60  ff.o(i.validate)
    .constdata                               0x08008cd2   Section    10636  ascii.o(.constdata)
    .constdata                               0x0800b65e   Section       24  rtc.o(.constdata)
    .constdata                               0x0800b676   Section        8  fileapp.o(.constdata)
    .constdata                               0x0800b680   Section       68  ff.o(.constdata)
    LfnOfs                                   0x0800b680   Data          13  ff.o(.constdata)
    DbcTbl                                   0x0800b68d   Data          10  ff.o(.constdata)
    cst                                      0x0800b698   Data          14  ff.o(.constdata)
    cst32                                    0x0800b6a6   Data          14  ff.o(.constdata)
    defopt                                   0x0800b6b4   Data          16  ff.o(.constdata)
    .constdata                               0x0800b6c4   Section    175030  ffunicode.o(.constdata)
    uni2oem936                               0x0800b6c4   Data       87172  ffunicode.o(.constdata)
    oem2uni936                               0x08020b48   Data       87172  ffunicode.o(.constdata)
    cvt1                                     0x08035fcc   Data         498  ffunicode.o(.constdata)
    cvt2                                     0x080361be   Data         188  ffunicode.o(.constdata)
    .data                                    0x68000000   Section       11  usart.o(.data)
    .data                                    0x6800000c   Section       13  infrared.o(.data)
    cnt                                      0x68000017   Data           1  infrared.o(.data)
    i                                        0x68000018   Data           1  infrared.o(.data)
    .data                                    0x6800001c   Section       16  sdcard.o(.data)
    CardType                                 0x6800001c   Data           1  sdcard.o(.data)
    RCA                                      0x68000020   Data           4  sdcard.o(.data)
    DeviceMode                               0x68000024   Data           1  sdcard.o(.data)
    StopCondition                            0x68000025   Data           1  sdcard.o(.data)
    .data                                    0x6800002c   Section        4  fileapp.o(.data)
    .data                                    0x68000030   Section        6  ff.o(.data)
    FatFs                                    0x68000030   Data           4  ff.o(.data)
    Fsid                                     0x68000034   Data           2  ff.o(.data)
    .data                                    0x68000038   Section        4  stdout.o(.data)
    .data                                    0x6800003c   Section        4  mvars.o(.data)
    .data                                    0x68000040   Section        4  mvars.o(.data)
    .bss                                     0x68000044   Section      564  main.o(.bss)
    .bss                                     0x68000278   Section     3072  usart.o(.bss)
    .bss                                     0x68000e78   Section     8192  w25q64.o(.bss)
    sector_buff                              0x68000e78   Data        4096  w25q64.o(.bss)
    sector_buff2                             0x68001e78   Data        4096  w25q64.o(.bss)
    .bss                                     0x68002e78   Section    307200  nt35310.o(.bss)
    lcd_gram                                 0x68002e78   Data       307200  nt35310.o(.bss)
    .bss                                     0x6804de78   Section       28  xpt2046.o(.bss)
    .bss                                     0x6804de98   Section      632  sdcard.o(.bss)
    CSD_Tab                                  0x6804de98   Data          16  sdcard.o(.bss)
    CID_Tab                                  0x6804dea8   Data          16  sdcard.o(.bss)
    .bss                                     0x6804e110   Section       12  rtc.o(.bss)
    .bss                                     0x6804e11c   Section     4098  fileapp.o(.bss)
    HEAP                                     0x6804f120   Section    10240  startup_stm32f10x_hd.o(HEAP)

    Global Symbols

    Symbol Name                              Value     Ov Type        Size  Object(Section)

    BuildAttributes$$THM_ISAv4$P$D$K$B$S$PE$A:L22UL41UL21$X:L11$S22US41US21$IEEE1$IW$USESV6$~STKCKD$USESV7$~SHL$OTIME$ROPI$IEEEX$EBA8$MICROLIB$REQ8$PRES8$EABIv2 0x00000000   Number         0  anon$$obj.o ABSOLUTE
    __ARM_use_no_argv                        0x00000000   Number         0  main.o ABSOLUTE
    _printf_a                                0x00000000   Number         0  stubs.o ABSOLUTE
    _printf_c                                0x00000000   Number         0  stubs.o ABSOLUTE
    _printf_charcount                        0x00000000   Number         0  stubs.o ABSOLUTE
    _printf_d                                0x00000000   Number         0  stubs.o ABSOLUTE
    _printf_e                                0x00000000   Number         0  stubs.o ABSOLUTE
    _printf_f                                0x00000000   Number         0  stubs.o ABSOLUTE
    _printf_flags                            0x00000000   Number         0  stubs.o ABSOLUTE
    _printf_fp_dec                           0x00000000   Number         0  stubs.o ABSOLUTE
    _printf_fp_hex                           0x00000000   Number         0  stubs.o ABSOLUTE
    _printf_g                                0x00000000   Number         0  stubs.o ABSOLUTE
    _printf_i                                0x00000000   Number         0  stubs.o ABSOLUTE
    _printf_int_dec                          0x00000000   Number         0  stubs.o ABSOLUTE
    _printf_l                                0x00000000   Number         0  stubs.o ABSOLUTE
    _printf_lc                               0x00000000   Number         0  stubs.o ABSOLUTE
    _printf_ll                               0x00000000   Number         0  stubs.o ABSOLUTE
    _printf_lld                              0x00000000   Number         0  stubs.o ABSOLUTE
    _printf_lli                              0x00000000   Number         0  stubs.o ABSOLUTE
    _printf_llo                              0x00000000   Number         0  stubs.o ABSOLUTE
    _printf_llu                              0x00000000   Number         0  stubs.o ABSOLUTE
    _printf_llx                              0x00000000   Number         0  stubs.o ABSOLUTE
    _printf_longlong_dec                     0x00000000   Number         0  stubs.o ABSOLUTE
    _printf_longlong_hex                     0x00000000   Number         0  stubs.o ABSOLUTE
    _printf_longlong_oct                     0x00000000   Number         0  stubs.o ABSOLUTE
    _printf_ls                               0x00000000   Number         0  stubs.o ABSOLUTE
    _printf_mbtowc                           0x00000000   Number         0  stubs.o ABSOLUTE
    _printf_n                                0x00000000   Number         0  stubs.o ABSOLUTE
    _printf_o                                0x00000000   Number         0  stubs.o ABSOLUTE
    _printf_p                                0x00000000   Number         0  stubs.o ABSOLUTE
    _printf_percent                          0x00000000   Number         0  stubs.o ABSOLUTE
    _printf_pre_padding                      0x00000000   Number         0  stubs.o ABSOLUTE
    _printf_return_value                     0x00000000   Number         0  stubs.o ABSOLUTE
    _printf_s                                0x00000000   Number         0  stubs.o ABSOLUTE
    _printf_sizespec                         0x00000000   Number         0  stubs.o ABSOLUTE
    _printf_str                              0x00000000   Number         0  stubs.o ABSOLUTE
    _printf_truncate_signed                  0x00000000   Number         0  stubs.o ABSOLUTE
    _printf_truncate_unsigned                0x00000000   Number         0  stubs.o ABSOLUTE
    _printf_u                                0x00000000   Number         0  stubs.o ABSOLUTE
    _printf_wc                               0x00000000   Number         0  stubs.o ABSOLUTE
    _printf_wctomb                           0x00000000   Number         0  stubs.o ABSOLUTE
    _printf_widthprec                        0x00000000   Number         0  stubs.o ABSOLUTE
    _printf_x                                0x00000000   Number         0  stubs.o ABSOLUTE
    __arm_fini_                               - Undefined Weak Reference
    __cpp_initialize__aeabi_                  - Undefined Weak Reference
    __cxa_finalize                            - Undefined Weak Reference
    __decompress                              - Undefined Weak Reference
    _clock_init                               - Undefined Weak Reference
    _microlib_exit                            - Undefined Weak Reference
    __Vectors_Size                           0x00000130   Number         0  startup_stm32f10x_hd.o ABSOLUTE
    __Vectors                                0x08000000   Data           4  startup_stm32f10x_hd.o(RESET)
    __Vectors_End                            0x08000130   Data           0  startup_stm32f10x_hd.o(RESET)
    __main                                   0x08000131   Thumb Code     0  entry.o(.ARM.Collect$$$$00000000)
    _main_stk                                0x08000131   Thumb Code     0  entry2.o(.ARM.Collect$$$$00000001)
    _main_scatterload                        0x08000135   Thumb Code     0  entry5.o(.ARM.Collect$$$$00000004)
    __main_after_scatterload                 0x08000139   Thumb Code     0  entry5.o(.ARM.Collect$$$$00000004)
    _main_clock                              0x08000139   Thumb Code     0  entry7b.o(.ARM.Collect$$$$00000008)
    _main_cpp_init                           0x08000139   Thumb Code     0  entry8b.o(.ARM.Collect$$$$0000000A)
    _main_init                               0x08000139   Thumb Code     0  entry9a.o(.ARM.Collect$$$$0000000B)
    __rt_lib_shutdown_fini                   0x08000141   Thumb Code     0  entry12b.o(.ARM.Collect$$$$0000000E)
    __rt_final_cpp                           0x08000145   Thumb Code     0  entry10a.o(.ARM.Collect$$$$0000000F)
    __rt_final_exit                          0x08000145   Thumb Code     0  entry11a.o(.ARM.Collect$$$$00000011)
    Reset_Handler                            0x08000149   Thumb Code     8  startup_stm32f10x_hd.o(.text)
    NMI_Handler                              0x08000151   Thumb Code     2  startup_stm32f10x_hd.o(.text)
    HardFault_Handler                        0x08000153   Thumb Code     2  startup_stm32f10x_hd.o(.text)
    MemManage_Handler                        0x08000155   Thumb Code     2  startup_stm32f10x_hd.o(.text)
    BusFault_Handler                         0x08000157   Thumb Code     2  startup_stm32f10x_hd.o(.text)
    UsageFault_Handler                       0x08000159   Thumb Code     2  startup_stm32f10x_hd.o(.text)
    SVC_Handler                              0x0800015b   Thumb Code     2  startup_stm32f10x_hd.o(.text)
    DebugMon_Handler                         0x0800015d   Thumb Code     2  startup_stm32f10x_hd.o(.text)
    PendSV_Handler                           0x0800015f   Thumb Code     2  startup_stm32f10x_hd.o(.text)
    ADC1_2_IRQHandler                        0x08000163   Thumb Code     0  startup_stm32f10x_hd.o(.text)
    ADC3_IRQHandler                          0x08000163   Thumb Code     0  startup_stm32f10x_hd.o(.text)
    CAN1_RX1_IRQHandler                      0x08000163   Thumb Code     0  startup_stm32f10x_hd.o(.text)
    CAN1_SCE_IRQHandler                      0x08000163   Thumb Code     0  startup_stm32f10x_hd.o(.text)
    DMA1_Channel1_IRQHandler                 0x08000163   Thumb Code     0  startup_stm32f10x_hd.o(.text)
    DMA1_Channel2_IRQHandler                 0x08000163   Thumb Code     0  startup_stm32f10x_hd.o(.text)
    DMA1_Channel3_IRQHandler                 0x08000163   Thumb Code     0  startup_stm32f10x_hd.o(.text)
    DMA1_Channel4_IRQHandler                 0x08000163   Thumb Code     0  startup_stm32f10x_hd.o(.text)
    DMA1_Channel5_IRQHandler                 0x08000163   Thumb Code     0  startup_stm32f10x_hd.o(.text)
    DMA1_Channel6_IRQHandler                 0x08000163   Thumb Code     0  startup_stm32f10x_hd.o(.text)
    DMA1_Channel7_IRQHandler                 0x08000163   Thumb Code     0  startup_stm32f10x_hd.o(.text)
    DMA2_Channel1_IRQHandler                 0x08000163   Thumb Code     0  startup_stm32f10x_hd.o(.text)
    DMA2_Channel2_IRQHandler                 0x08000163   Thumb Code     0  startup_stm32f10x_hd.o(.text)
    DMA2_Channel3_IRQHandler                 0x08000163   Thumb Code     0  startup_stm32f10x_hd.o(.text)
    DMA2_Channel4_5_IRQHandler               0x08000163   Thumb Code     0  startup_stm32f10x_hd.o(.text)
    EXTI0_IRQHandler                         0x08000163   Thumb Code     0  startup_stm32f10x_hd.o(.text)
    EXTI15_10_IRQHandler                     0x08000163   Thumb Code     0  startup_stm32f10x_hd.o(.text)
    EXTI1_IRQHandler                         0x08000163   Thumb Code     0  startup_stm32f10x_hd.o(.text)
    EXTI2_IRQHandler                         0x08000163   Thumb Code     0  startup_stm32f10x_hd.o(.text)
    EXTI3_IRQHandler                         0x08000163   Thumb Code     0  startup_stm32f10x_hd.o(.text)
    EXTI4_IRQHandler                         0x08000163   Thumb Code     0  startup_stm32f10x_hd.o(.text)
    EXTI9_5_IRQHandler                       0x08000163   Thumb Code     0  startup_stm32f10x_hd.o(.text)
    FLASH_IRQHandler                         0x08000163   Thumb Code     0  startup_stm32f10x_hd.o(.text)
    FSMC_IRQHandler                          0x08000163   Thumb Code     0  startup_stm32f10x_hd.o(.text)
    I2C1_ER_IRQHandler                       0x08000163   Thumb Code     0  startup_stm32f10x_hd.o(.text)
    I2C1_EV_IRQHandler                       0x08000163   Thumb Code     0  startup_stm32f10x_hd.o(.text)
    I2C2_ER_IRQHandler                       0x08000163   Thumb Code     0  startup_stm32f10x_hd.o(.text)
    I2C2_EV_IRQHandler                       0x08000163   Thumb Code     0  startup_stm32f10x_hd.o(.text)
    PVD_IRQHandler                           0x08000163   Thumb Code     0  startup_stm32f10x_hd.o(.text)
    RCC_IRQHandler                           0x08000163   Thumb Code     0  startup_stm32f10x_hd.o(.text)
    RTCAlarm_IRQHandler                      0x08000163   Thumb Code     0  startup_stm32f10x_hd.o(.text)
    SPI1_IRQHandler                          0x08000163   Thumb Code     0  startup_stm32f10x_hd.o(.text)
    SPI2_IRQHandler                          0x08000163   Thumb Code     0  startup_stm32f10x_hd.o(.text)
    SPI3_IRQHandler                          0x08000163   Thumb Code     0  startup_stm32f10x_hd.o(.text)
    TAMPER_IRQHandler                        0x08000163   Thumb Code     0  startup_stm32f10x_hd.o(.text)
    TIM1_BRK_IRQHandler                      0x08000163   Thumb Code     0  startup_stm32f10x_hd.o(.text)
    TIM1_CC_IRQHandler                       0x08000163   Thumb Code     0  startup_stm32f10x_hd.o(.text)
    TIM1_TRG_COM_IRQHandler                  0x08000163   Thumb Code     0  startup_stm32f10x_hd.o(.text)
    TIM5_IRQHandler                          0x08000163   Thumb Code     0  startup_stm32f10x_hd.o(.text)
    TIM6_IRQHandler                          0x08000163   Thumb Code     0  startup_stm32f10x_hd.o(.text)
    TIM7_IRQHandler                          0x08000163   Thumb Code     0  startup_stm32f10x_hd.o(.text)
    TIM8_BRK_IRQHandler                      0x08000163   Thumb Code     0  startup_stm32f10x_hd.o(.text)
    TIM8_CC_IRQHandler                       0x08000163   Thumb Code     0  startup_stm32f10x_hd.o(.text)
    TIM8_TRG_COM_IRQHandler                  0x08000163   Thumb Code     0  startup_stm32f10x_hd.o(.text)
    TIM8_UP_IRQHandler                       0x08000163   Thumb Code     0  startup_stm32f10x_hd.o(.text)
    UART4_IRQHandler                         0x08000163   Thumb Code     0  startup_stm32f10x_hd.o(.text)
    UART5_IRQHandler                         0x08000163   Thumb Code     0  startup_stm32f10x_hd.o(.text)
    USBWakeUp_IRQHandler                     0x08000163   Thumb Code     0  startup_stm32f10x_hd.o(.text)
    USB_HP_CAN1_TX_IRQHandler                0x08000163   Thumb Code     0  startup_stm32f10x_hd.o(.text)
    USB_LP_CAN1_RX0_IRQHandler               0x08000163   Thumb Code     0  startup_stm32f10x_hd.o(.text)
    WWDG_IRQHandler                          0x08000163   Thumb Code     0  startup_stm32f10x_hd.o(.text)
    __aeabi_ldivmod                          0x0800016d   Thumb Code    98  ldiv.o(.text)
    __aeabi_memcpy                           0x080001cf   Thumb Code    36  memcpya.o(.text)
    __aeabi_memcpy4                          0x080001cf   Thumb Code     0  memcpya.o(.text)
    __aeabi_memcpy8                          0x080001cf   Thumb Code     0  memcpya.o(.text)
    __aeabi_memset                           0x080001f3   Thumb Code    14  memseta.o(.text)
    __aeabi_memset4                          0x080001f3   Thumb Code     0  memseta.o(.text)
    __aeabi_memset8                          0x080001f3   Thumb Code     0  memseta.o(.text)
    __aeabi_memclr                           0x08000201   Thumb Code     4  memseta.o(.text)
    __aeabi_memclr4                          0x08000201   Thumb Code     0  memseta.o(.text)
    __aeabi_memclr8                          0x08000201   Thumb Code     0  memseta.o(.text)
    _memset$wrapper                          0x08000205   Thumb Code    18  memseta.o(.text)
    strstr                                   0x08000217   Thumb Code    36  strstr.o(.text)
    strchr                                   0x0800023b   Thumb Code    20  strchr.o(.text)
    memcmp                                   0x0800024f   Thumb Code    26  memcmp.o(.text)
    strcpy                                   0x08000269   Thumb Code    18  strcpy.o(.text)
    __aeabi_fadd                             0x0800027b   Thumb Code   164  fadd.o(.text)
    __aeabi_fsub                             0x0800031f   Thumb Code     6  fadd.o(.text)
    __aeabi_frsub                            0x08000325   Thumb Code     6  fadd.o(.text)
    __aeabi_fmul                             0x0800032b   Thumb Code   100  fmul.o(.text)
    __aeabi_dmul                             0x0800038f   Thumb Code   228  dmul.o(.text)
    __aeabi_ddiv                             0x08000473   Thumb Code   222  ddiv.o(.text)
    __aeabi_i2f                              0x08000551   Thumb Code    18  fflti.o(.text)
    __aeabi_ui2f                             0x08000563   Thumb Code    10  ffltui.o(.text)
    __aeabi_i2d                              0x0800056d   Thumb Code    34  dflti.o(.text)
    __aeabi_ui2d                             0x0800058f   Thumb Code    26  dfltui.o(.text)
    __aeabi_f2uiz                            0x080005a9   Thumb Code    40  ffixui.o(.text)
    __aeabi_f2d                              0x080005d1   Thumb Code    38  f2d.o(.text)
    __aeabi_d2f                              0x080005f7   Thumb Code    56  d2f.o(.text)
    __aeabi_cfcmpeq                          0x08000631   Thumb Code     0  cfcmple.o(.text)
    __aeabi_cfcmple                          0x08000631   Thumb Code    20  cfcmple.o(.text)
    __aeabi_uidiv                            0x08000645   Thumb Code     0  uidiv.o(.text)
    __aeabi_uidivmod                         0x08000645   Thumb Code    44  uidiv.o(.text)
    __aeabi_uldivmod                         0x08000671   Thumb Code    98  uldiv.o(.text)
    __aeabi_llsr                             0x080006d3   Thumb Code    32  llushr.o(.text)
    _ll_ushift_r                             0x080006d3   Thumb Code     0  llushr.o(.text)
    __I$use$fp                               0x080006f3   Thumb Code     0  iusefp.o(.text)
    _float_round                             0x080006f3   Thumb Code    18  fepilogue.o(.text)
    _float_epilogue                          0x08000705   Thumb Code    92  fepilogue.o(.text)
    _double_round                            0x08000761   Thumb Code    30  depilogue.o(.text)
    _double_epilogue                         0x0800077f   Thumb Code   156  depilogue.o(.text)
    __aeabi_dadd                             0x0800081b   Thumb Code   322  dadd.o(.text)
    __aeabi_dsub                             0x0800095d   Thumb Code     6  dadd.o(.text)
    __aeabi_drsub                            0x08000963   Thumb Code     6  dadd.o(.text)
    __aeabi_d2ulz                            0x08000969   Thumb Code    48  dfixul.o(.text)
    __aeabi_cdrcmple                         0x08000999   Thumb Code    48  cdrcmple.o(.text)
    __scatterload                            0x080009c9   Thumb Code    28  init.o(.text)
    __scatterload_rt2                        0x080009c9   Thumb Code     0  init.o(.text)
    __aeabi_llsl                             0x080009ed   Thumb Code    30  llshl.o(.text)
    _ll_shift_l                              0x080009ed   Thumb Code     0  llshl.o(.text)
    __aeabi_lasr                             0x08000a0b   Thumb Code    36  llsshr.o(.text)
    _ll_sshift_r                             0x08000a0b   Thumb Code     0  llsshr.o(.text)
    AT24C08_ReadData                         0x08000aad   Thumb Code   156  at24c08.o(i.AT24C08_ReadData)
    AT24C08_WriteData                        0x08000b49   Thumb Code    82  at24c08.o(i.AT24C08_WriteData)
    Beep_Init                                0x08000b9d   Thumb Code    36  beep.o(i.Beep_Init)
    CmdError                                 0x08000bc9   Thumb Code    48  sdcard.o(i.CmdError)
    CmdResp1Error                            0x08000bfd   Thumb Code    82  sdcard.o(i.CmdResp1Error)
    CmdResp2Error                            0x08000c55   Thumb Code    88  sdcard.o(i.CmdResp2Error)
    CmdResp3Error                            0x08000cb1   Thumb Code    52  sdcard.o(i.CmdResp3Error)
    CmdResp6Error                            0x08000ce9   Thumb Code   142  sdcard.o(i.CmdResp6Error)
    CmdResp7Error                            0x08000d7d   Thumb Code    80  sdcard.o(i.CmdResp7Error)
    Delay_Ms                                 0x08000dd1   Thumb Code    70  delay.o(i.Delay_Ms)
    Delay_Us                                 0x08000e17   Thumb Code    68  delay.o(i.Delay_Us)
    FATFS_ReadFile                           0x08000e5d   Thumb Code   604  fileapp.o(i.FATFS_ReadFile)
    FATFS_printDir                           0x080010f1   Thumb Code   152  fileapp.o(i.FATFS_printDir)
    FindSCR                                  0x080011ad   Thumb Code   326  sdcard.o(i.FindSCR)
    Get_Week                                 0x080012f9   Thumb Code    92  rtc.o(i.Get_Week)
    IIC_GetAck                               0x0800135d   Thumb Code    86  iic.o(i.IIC_GetAck)
    IIC_Init                                 0x080013c1   Thumb Code    52  iic.o(i.IIC_Init)
    IIC_Read_OneByte                         0x080013fd   Thumb Code    92  iic.o(i.IIC_Read_OneByte)
    IIC_SendAck                              0x08001465   Thumb Code    62  iic.o(i.IIC_SendAck)
    IIC_Send_OneByte                         0x080014b1   Thumb Code    90  iic.o(i.IIC_Send_OneByte)
    IIC_Send_Start                           0x08001515   Thumb Code    54  iic.o(i.IIC_Send_Start)
    IIC_Send_Stop                            0x08001559   Thumb Code    64  iic.o(i.IIC_Send_Stop)
    INTX_DISABLE                             0x080015a5   Thumb Code     4  sys.o(i.INTX_DISABLE)
    INTX_ENABLE                              0x080015a9   Thumb Code     4  sys.o(i.INTX_ENABLE)
    IsCardProgramming                        0x080015ad   Thumb Code   134  sdcard.o(i.IsCardProgramming)
    Key_Init                                 0x0800163d   Thumb Code    86  key.o(i.Key_Init)
    LCD_Clear                                0x080016a9   Thumb Code    44  nt35310.o(i.LCD_Clear)
    LCD_Display_Font                         0x080017a9   Thumb Code   280  nt35310.o(i.LCD_Display_Font)
    LCD_Display_Str                          0x080018c1   Thumb Code   278  nt35310.o(i.LCD_Display_Str)
    LCD_Display_Str2                         0x080019d7   Thumb Code   170  nt35310.o(i.LCD_Display_Str2)
    LCD_DrawLine                             0x08001a81   Thumb Code   172  nt35310.o(i.LCD_DrawLine)
    LCD_DrawPoint                            0x08001b2d   Thumb Code    18  nt35310.o(i.LCD_DrawPoint)
    LCD_Init                                 0x08001ca9   Thumb Code  3854  nt35310.o(i.LCD_Init)
    LCD_Refresh                              0x08002bbd   Thumb Code    88  nt35310.o(i.LCD_Refresh)
    LcdFill                                  0x08002c19   Thumb Code    50  nt35310.o(i.LcdFill)
    Led_Init                                 0x08002c65   Thumb Code   100  led.o(i.Led_Init)
    List_AddNode                             0x08002cd5   Thumb Code    42  fileapp.o(i.List_AddNode)
    List_CheckNode                           0x08002cff   Thumb Code    68  fileapp.o(i.List_CheckNode)
    List_CreateHead                          0x08002d43   Thumb Code    28  fileapp.o(i.List_CreateHead)
    List_PrintNode                           0x08002d61   Thumb Code    94  fileapp.o(i.List_PrintNode)
    OLED_DrawRectangle                       0x08002dc9   Thumb Code    74  nt35310.o(i.OLED_DrawRectangle)
    RTC_IRQHandler                           0x08002e15   Thumb Code    88  rtc.o(i.RTC_IRQHandler)
    SDEnWideBus                              0x08002e85   Thumb Code   118  sdcard.o(i.SDEnWideBus)
    SDIO_Clock_Set                           0x08002f05   Thumb Code    16  sdcard.o(i.SDIO_Clock_Set)
    SDIO_IRQHandler                          0x08002f19   Thumb Code     8  sdcard.o(i.SDIO_IRQHandler)
    SDIO_Send_Cmd                            0x08002f21   Thumb Code    36  sdcard.o(i.SDIO_Send_Cmd)
    SDIO_Send_Data_Cfg                       0x08002f49   Thumb Code    48  sdcard.o(i.SDIO_Send_Data_Cfg)
    SD_DMA_Config                            0x08002f7d   Thumb Code   142  sdcard.o(i.SD_DMA_Config)
    SD_EnableWideBusOperation                0x08003015   Thumb Code    94  sdcard.o(i.SD_EnableWideBusOperation)
    SD_GetCardInfo                           0x0800307d   Thumb Code   768  sdcard.o(i.SD_GetCardInfo)
    SD_Init                                  0x0800338d   Thumb Code   232  sdcard.o(i.SD_Init)
    SD_InitializeCards                       0x08003495   Thumb Code   240  sdcard.o(i.SD_InitializeCards)
    SD_PowerON                               0x08003599   Thumb Code   358  sdcard.o(i.SD_PowerON)
    SD_ProcessIRQSrc                         0x08003711   Thumb Code   310  sdcard.o(i.SD_ProcessIRQSrc)
    SD_ReadBlock                             0x08003859   Thumb Code   512  sdcard.o(i.SD_ReadBlock)
    SD_ReadDisk                              0x08003a79   Thumb Code   148  sdcard.o(i.SD_ReadDisk)
    SD_ReadMultiBlocks                       0x08003b11   Thumb Code   628  sdcard.o(i.SD_ReadMultiBlocks)
    SD_SelectDeselect                        0x08003da9   Thumb Code    22  sdcard.o(i.SD_SelectDeselect)
    SD_SetDeviceMode                         0x08003dc1   Thumb Code    20  sdcard.o(i.SD_SetDeviceMode)
    SD_WriteBlock                            0x08003dd9   Thumb Code   760  sdcard.o(i.SD_WriteBlock)
    SD_WriteDisk                             0x080040f1   Thumb Code   148  sdcard.o(i.SD_WriteDisk)
    SD_WriteMultiBlocks                      0x08004189   Thumb Code   816  sdcard.o(i.SD_WriteMultiBlocks)
    SDcard_DownFont                          0x080044d9   Thumb Code   426  fileapp.o(i.SDcard_DownFont)
    SPI2_Init                                0x080046d1   Thumb Code   112  spi.o(i.SPI2_Init)
    SPI2_WR_OneByte                          0x08004751   Thumb Code    46  spi.o(i.SPI2_WR_OneByte)
    STM32_NVIC_SetPriority                   0x08004785   Thumb Code   196  sys.o(i.STM32_NVIC_SetPriority)
    Sec_Conversion_Time                      0x08004855   Thumb Code   346  rtc.o(i.Sec_Conversion_Time)
    Sram_Init                                0x08004ab1   Thumb Code   382  sram.o(i.Sram_Init)
    SysTick_Handler                          0x08004c59   Thumb Code    26  sys.o(i.SysTick_Handler)
    SystemInit                               0x08004c85   Thumb Code    82  system_stm32f10x.o(i.SystemInit)
    TIM1_UP_IRQHandler                       0x08004d65   Thumb Code    12  timer.o(i.TIM1_UP_IRQHandler)
    TIM2_IRQHandler                          0x08004d75   Thumb Code    44  timer.o(i.TIM2_IRQHandler)
    TIM3_IRQHandler                          0x08004da5   Thumb Code    40  timer.o(i.TIM3_IRQHandler)
    TIM4_IRQHandler                          0x08004dd5   Thumb Code   360  infrared.o(i.TIM4_IRQHandler)
    Touch_Calibration                        0x08004f55   Thumb Code  1158  xpt2046.o(i.Touch_Calibration)
    USART1_IRQHandler                        0x080053dd   Thumb Code    78  usart.o(i.USART1_IRQHandler)
    USART2_IRQHandler                        0x0800543d   Thumb Code    82  usart.o(i.USART2_IRQHandler)
    USART3_IRQHandler                        0x080054a5   Thumb Code    82  usart.o(i.USART3_IRQHandler)
    Usartx_Init                              0x0800550d   Thumb Code   262  usart.o(i.Usartx_Init)
    W25Q64_Init                              0x08005631   Thumb Code    58  w25q64.o(i.W25Q64_Init)
    W25Q64_ReadData                          0x08005715   Thumb Code    78  w25q64.o(i.W25Q64_ReadData)
    W25Q64_SectorErase                       0x08005769   Thumb Code    60  w25q64.o(i.W25Q64_SectorErase)
    W25Q64_WriteData                         0x080057e1   Thumb Code   186  w25q64.o(i.W25Q64_WriteData)
    XPT2046_Init                             0x08005941   Thumb Code    96  xpt2046.o(i.XPT2046_Init)
    XPT2046_ReadXY                           0x080059b1   Thumb Code   118  xpt2046.o(i.XPT2046_ReadXY)
    __0printf                                0x08005b01   Thumb Code    22  printfa.o(i.__0printf)
    __1printf                                0x08005b01   Thumb Code     0  printfa.o(i.__0printf)
    __2printf                                0x08005b01   Thumb Code     0  printfa.o(i.__0printf)
    __c89printf                              0x08005b01   Thumb Code     0  printfa.o(i.__0printf)
    printf                                   0x08005b01   Thumb Code     0  printfa.o(i.__0printf)
    __0snprintf                              0x08005b21   Thumb Code    48  printfa.o(i.__0snprintf)
    __1snprintf                              0x08005b21   Thumb Code     0  printfa.o(i.__0snprintf)
    __2snprintf                              0x08005b21   Thumb Code     0  printfa.o(i.__0snprintf)
    __c89snprintf                            0x08005b21   Thumb Code     0  printfa.o(i.__0snprintf)
    snprintf                                 0x08005b21   Thumb Code     0  printfa.o(i.__0snprintf)
    __scatterload_copy                       0x08005b55   Thumb Code    14  handlers.o(i.__scatterload_copy)
    __scatterload_null                       0x08005b63   Thumb Code     2  handlers.o(i.__scatterload_null)
    __scatterload_zeroinit                   0x08005b65   Thumb Code    14  handlers.o(i.__scatterload_zeroinit)
    convert_from_bytes_to_power_of_two       0x080065a9   Thumb Code    18  sdcard.o(i.convert_from_bytes_to_power_of_two)
    disk_initialize                          0x08006f4f   Thumb Code    20  diskio.o(i.disk_initialize)
    disk_ioctl                               0x08006f65   Thumb Code    80  diskio.o(i.disk_ioctl)
    disk_read                                0x08006fb9   Thumb Code    40  diskio.o(i.disk_read)
    disk_status                              0x08006fe1   Thumb Code     6  diskio.o(i.disk_status)
    disk_write                               0x08006fe7   Thumb Code    40  diskio.o(i.disk_write)
    f_close                                  0x0800700f   Thumb Code    34  ff.o(i.f_close)
    f_closedir                               0x08007031   Thumb Code    24  ff.o(i.f_closedir)
    f_mount                                  0x08007049   Thumb Code    80  ff.o(i.f_mount)
    f_open                                   0x0800709d   Thumb Code   530  ff.o(i.f_open)
    f_opendir                                0x080072af   Thumb Code   138  ff.o(i.f_opendir)
    f_read                                   0x08007339   Thumb Code   412  ff.o(i.f_read)
    f_readdir                                0x080074d5   Thumb Code   104  ff.o(i.f_readdir)
    f_stat                                   0x0800753d   Thumb Code    88  ff.o(i.f_stat)
    f_sync                                   0x08007595   Thumb Code   160  ff.o(i.f_sync)
    ff_memalloc                              0x08007635   Thumb Code    12  ffsystem.o(i.ff_memalloc)
    ff_memfree                               0x08007641   Thumb Code    12  ffsystem.o(i.ff_memfree)
    ff_oem2uni                               0x0800764d   Thumb Code   100  ffunicode.o(i.ff_oem2uni)
    ff_uni2oem                               0x080076b5   Thumb Code   112  ffunicode.o(i.ff_uni2oem)
    ff_wtoupper                              0x08007729   Thumb Code   166  ffunicode.o(i.ff_wtoupper)
    fputc                                    0x080078f1   Thumb Code    22  usart.o(i.fputc)
    free                                     0x0800790d   Thumb Code    76  malloc.o(i.free)
    get_fattime                              0x08007b11   Thumb Code     4  diskio.o(i.get_fattime)
    main                                     0x08007d35   Thumb Code  1860  main.o(i.main)
    malloc                                   0x080084a5   Thumb Code    92  malloc.o(i.malloc)
    ascii_16_8                               0x08008cd2   Data        1520  ascii.o(.constdata)
    ascii_24_12                              0x080092c2   Data        3420  ascii.o(.constdata)
    ascii_32_16                              0x0800a01e   Data        5696  ascii.o(.constdata)
    month_r                                  0x0800b65e   Data          12  rtc.o(.constdata)
    month_p                                  0x0800b66a   Data          12  rtc.o(.constdata)
    font_corlour                             0x0800b676   Data           8  fileapp.o(.constdata)
    Region$$Table$$Base                      0x0803627c   Number         0  anon$$obj.o(Region$$Table)
    Region$$Table$$Limit                     0x0803629c   Number         0  anon$$obj.o(Region$$Table)
    __initial_sp                             0x20001400   Number         0  startup_stm32f10x_hd.o ABSOLUTE
    usart1_cnt                               0x68000000   Data           2  usart.o(.data)
    usart1_flag                              0x68000002   Data           1  usart.o(.data)
    usart2_cnt                               0x68000004   Data           2  usart.o(.data)
    usart2_flag                              0x68000006   Data           1  usart.o(.data)
    usart3_cnt                               0x68000008   Data           2  usart.o(.data)
    usart3_flag                              0x6800000a   Data           1  usart.o(.data)
    infrared_decode_data                     0x6800000c   Data           4  infrared.o(.data)
    infrared_flag                            0x68000010   Data           1  infrared.o(.data)
    midea_buff                               0x68000011   Data           6  infrared.o(.data)
    TransferError                            0x68000026   Data           1  sdcard.o(.data)
    TransferEnd                              0x68000027   Data           1  sdcard.o(.data)
    tempbuff                                 0x68000028   Data           4  sdcard.o(.data)
    story_head                               0x6800002c   Data           4  fileapp.o(.data)
    __stdout                                 0x68000038   Data           4  stdout.o(.data)
    __microlib_freelist                      0x6800003c   Data           4  mvars.o(.data)
    __microlib_freelist_initialised          0x68000040   Data           4  mvars.o(.data)
    fs                                       0x68000044   Data         564  main.o(.bss)
    usart1_rx_buff                           0x68000278   Data        1024  usart.o(.bss)
    usart2_rx_buff                           0x68000678   Data        1024  usart.o(.bss)
    usart3_rx_buff                           0x68000a78   Data        1024  usart.o(.bss)
    xpt2046_info                             0x6804de78   Data          28  xpt2046.o(.bss)
    SDCardInfo                               0x6804deb8   Data          88  sdcard.o(.bss)
    SDIO_DATA_BUFFER                         0x6804df10   Data         512  sdcard.o(.bss)
    RTC_Time                                 0x6804e110   Data          12  rtc.o(.bss)
    buff_read                                0x6804e11c   Data        4098  fileapp.o(.bss)
    __heap_base                              0x6804f120   Data           0  startup_stm32f10x_hd.o(HEAP)
    __heap_limit                             0x68051920   Data           0  startup_stm32f10x_hd.o(HEAP)



==============================================================================

Memory Map of the image

  Image Entry point : 0x08000131

  Load Region LR_IROM1 (Base: 0x08000000, Size: 0x000362e0, Max: 0x00080000, ABSOLUTE)

    Execution Region ER_IROM1 (Exec base: 0x08000000, Load base: 0x08000000, Size: 0x0003629c, Max: 0x00080000, ABSOLUTE)

    Exec Addr    Load Addr    Size         Type   Attr      Idx    E Section Name        Object

    0x08000000   0x08000000   0x00000130   Data   RO          149    RESET               startup_stm32f10x_hd.o
    0x08000130   0x08000130   0x00000000   Code   RO         1583  * .ARM.Collect$$$$00000000  mc_w.l(entry.o)
    0x08000130   0x08000130   0x00000004   Code   RO         1945    .ARM.Collect$$$$00000001  mc_w.l(entry2.o)
    0x08000134   0x08000134   0x00000004   Code   RO         1948    .ARM.Collect$$$$00000004  mc_w.l(entry5.o)
    0x08000138   0x08000138   0x00000000   Code   RO         1950    .ARM.Collect$$$$00000008  mc_w.l(entry7b.o)
    0x08000138   0x08000138   0x00000000   Code   RO         1952    .ARM.Collect$$$$0000000A  mc_w.l(entry8b.o)
    0x08000138   0x08000138   0x00000008   Code   RO         1953    .ARM.Collect$$$$0000000B  mc_w.l(entry9a.o)
    0x08000140   0x08000140   0x00000004   Code   RO         1960    .ARM.Collect$$$$0000000E  mc_w.l(entry12b.o)
    0x08000144   0x08000144   0x00000000   Code   RO         1955    .ARM.Collect$$$$0000000F  mc_w.l(entry10a.o)
    0x08000144   0x08000144   0x00000000   Code   RO         1957    .ARM.Collect$$$$00000011  mc_w.l(entry11a.o)
    0x08000144   0x08000144   0x00000004   Code   RO         1946    .ARM.Collect$$$$00002712  mc_w.l(entry2.o)
    0x08000148   0x08000148   0x00000024   Code   RO          150    .text               startup_stm32f10x_hd.o
    0x0800016c   0x0800016c   0x00000062   Code   RO         1586    .text               mc_w.l(ldiv.o)
    0x080001ce   0x080001ce   0x00000024   Code   RO         1588    .text               mc_w.l(memcpya.o)
    0x080001f2   0x080001f2   0x00000024   Code   RO         1590    .text               mc_w.l(memseta.o)
    0x08000216   0x08000216   0x00000024   Code   RO         1592    .text               mc_w.l(strstr.o)
    0x0800023a   0x0800023a   0x00000014   Code   RO         1594    .text               mc_w.l(strchr.o)
    0x0800024e   0x0800024e   0x0000001a   Code   RO         1596    .text               mc_w.l(memcmp.o)
    0x08000268   0x08000268   0x00000012   Code   RO         1598    .text               mc_w.l(strcpy.o)
    0x0800027a   0x0800027a   0x000000b0   Code   RO         1891    .text               mf_w.l(fadd.o)
    0x0800032a   0x0800032a   0x00000064   Code   RO         1893    .text               mf_w.l(fmul.o)
    0x0800038e   0x0800038e   0x000000e4   Code   RO         1895    .text               mf_w.l(dmul.o)
    0x08000472   0x08000472   0x000000de   Code   RO         1897    .text               mf_w.l(ddiv.o)
    0x08000550   0x08000550   0x00000012   Code   RO         1899    .text               mf_w.l(fflti.o)
    0x08000562   0x08000562   0x0000000a   Code   RO         1901    .text               mf_w.l(ffltui.o)
    0x0800056c   0x0800056c   0x00000022   Code   RO         1903    .text               mf_w.l(dflti.o)
    0x0800058e   0x0800058e   0x0000001a   Code   RO         1905    .text               mf_w.l(dfltui.o)
    0x080005a8   0x080005a8   0x00000028   Code   RO         1907    .text               mf_w.l(ffixui.o)
    0x080005d0   0x080005d0   0x00000026   Code   RO         1911    .text               mf_w.l(f2d.o)
    0x080005f6   0x080005f6   0x00000038   Code   RO         1913    .text               mf_w.l(d2f.o)
    0x0800062e   0x0800062e   0x00000002   PAD
    0x08000630   0x08000630   0x00000014   Code   RO         1915    .text               mf_w.l(cfcmple.o)
    0x08000644   0x08000644   0x0000002c   Code   RO         1962    .text               mc_w.l(uidiv.o)
    0x08000670   0x08000670   0x00000062   Code   RO         1964    .text               mc_w.l(uldiv.o)
    0x080006d2   0x080006d2   0x00000020   Code   RO         1966    .text               mc_w.l(llushr.o)
    0x080006f2   0x080006f2   0x00000000   Code   RO         1977    .text               mc_w.l(iusefp.o)
    0x080006f2   0x080006f2   0x0000006e   Code   RO         1978    .text               mf_w.l(fepilogue.o)
    0x08000760   0x08000760   0x000000ba   Code   RO         1980    .text               mf_w.l(depilogue.o)
    0x0800081a   0x0800081a   0x0000014e   Code   RO         1982    .text               mf_w.l(dadd.o)
    0x08000968   0x08000968   0x00000030   Code   RO         1984    .text               mf_w.l(dfixul.o)
    0x08000998   0x08000998   0x00000030   Code   RO         1986    .text               mf_w.l(cdrcmple.o)
    0x080009c8   0x080009c8   0x00000024   Code   RO         1992    .text               mc_w.l(init.o)
    0x080009ec   0x080009ec   0x0000001e   Code   RO         1994    .text               mc_w.l(llshl.o)
    0x08000a0a   0x08000a0a   0x00000024   Code   RO         1996    .text               mc_w.l(llsshr.o)
    0x08000a2e   0x08000a2e   0x0000007e   Code   RO          524    i.AT24C08_PagePragram  at24c08.o
    0x08000aac   0x08000aac   0x0000009c   Code   RO          525    i.AT24C08_ReadData  at24c08.o
    0x08000b48   0x08000b48   0x00000052   Code   RO          526    i.AT24C08_WriteData  at24c08.o
    0x08000b9a   0x08000b9a   0x00000002   PAD
    0x08000b9c   0x08000b9c   0x0000002c   Code   RO          154    i.Beep_Init         beep.o
    0x08000bc8   0x08000bc8   0x00000034   Code   RO          839    i.CmdError          sdcard.o
    0x08000bfc   0x08000bfc   0x00000058   Code   RO          840    i.CmdResp1Error     sdcard.o
    0x08000c54   0x08000c54   0x0000005c   Code   RO          841    i.CmdResp2Error     sdcard.o
    0x08000cb0   0x08000cb0   0x00000038   Code   RO          842    i.CmdResp3Error     sdcard.o
    0x08000ce8   0x08000ce8   0x00000094   Code   RO          843    i.CmdResp6Error     sdcard.o
    0x08000d7c   0x08000d7c   0x00000054   Code   RO          844    i.CmdResp7Error     sdcard.o
    0x08000dd0   0x08000dd0   0x00000046   Code   RO          206    i.Delay_Ms          delay.o
    0x08000e16   0x08000e16   0x00000044   Code   RO          207    i.Delay_Us          delay.o
    0x08000e5a   0x08000e5a   0x00000002   PAD
    0x08000e5c   0x08000e5c   0x00000294   Code   RO         1094    i.FATFS_ReadFile    fileapp.o
    0x080010f0   0x080010f0   0x000000bc   Code   RO         1096    i.FATFS_printDir    fileapp.o
    0x080011ac   0x080011ac   0x0000014c   Code   RO          845    i.FindSCR           sdcard.o
    0x080012f8   0x080012f8   0x00000064   Code   RO         1045    i.Get_Week          rtc.o
    0x0800135c   0x0800135c   0x00000064   Code   RO          476    i.IIC_GetAck        iic.o
    0x080013c0   0x080013c0   0x0000003c   Code   RO          477    i.IIC_Init          iic.o
    0x080013fc   0x080013fc   0x00000068   Code   RO          478    i.IIC_Read_OneByte  iic.o
    0x08001464   0x08001464   0x0000004c   Code   RO          479    i.IIC_SendAck       iic.o
    0x080014b0   0x080014b0   0x00000064   Code   RO          480    i.IIC_Send_OneByte  iic.o
    0x08001514   0x08001514   0x00000044   Code   RO          481    i.IIC_Send_Start    iic.o
    0x08001558   0x08001558   0x0000004c   Code   RO          482    i.IIC_Send_Stop     iic.o
    0x080015a4   0x080015a4   0x00000004   Code   RO          166    i.INTX_DISABLE      sys.o
    0x080015a8   0x080015a8   0x00000004   Code   RO          167    i.INTX_ENABLE       sys.o
    0x080015ac   0x080015ac   0x00000090   Code   RO          846    i.IsCardProgramming  sdcard.o
    0x0800163c   0x0800163c   0x0000006c   Code   RO          237    i.Key_Init          key.o
    0x080016a8   0x080016a8   0x00000030   Code   RO          596    i.LCD_Clear         nt35310.o
    0x080016d8   0x080016d8   0x000000d0   Code   RO          598    i.LCD_DispalyCha    nt35310.o
    0x080017a8   0x080017a8   0x00000118   Code   RO          599    i.LCD_Display_Font  nt35310.o
    0x080018c0   0x080018c0   0x00000116   Code   RO          600    i.LCD_Display_Str   nt35310.o
    0x080019d6   0x080019d6   0x000000aa   Code   RO          601    i.LCD_Display_Str2  nt35310.o
    0x08001a80   0x08001a80   0x000000ac   Code   RO          602    i.LCD_DrawLine      nt35310.o
    0x08001b2c   0x08001b2c   0x00000018   Code   RO          603    i.LCD_DrawPoint     nt35310.o
    0x08001b44   0x08001b44   0x00000164   Code   RO          604    i.LCD_GPIO_Init     nt35310.o
    0x08001ca8   0x08001ca8   0x00000f14   Code   RO          605    i.LCD_Init          nt35310.o
    0x08002bbc   0x08002bbc   0x0000005c   Code   RO          607    i.LCD_Refresh       nt35310.o
    0x08002c18   0x08002c18   0x00000038   Code   RO          608    i.LcdFill           nt35310.o
    0x08002c50   0x08002c50   0x0000000c   Code   RO          609    i.LcdWriteData      nt35310.o
    0x08002c5c   0x08002c5c   0x00000008   Code   RO          610    i.LcdWriteReg       nt35310.o
    0x08002c64   0x08002c64   0x00000070   Code   RO          224    i.Led_Init          led.o
    0x08002cd4   0x08002cd4   0x0000002a   Code   RO         1097    i.List_AddNode      fileapp.o
    0x08002cfe   0x08002cfe   0x00000044   Code   RO         1098    i.List_CheckNode    fileapp.o
    0x08002d42   0x08002d42   0x0000001c   Code   RO         1099    i.List_CreateHead   fileapp.o
    0x08002d5e   0x08002d5e   0x00000002   PAD
    0x08002d60   0x08002d60   0x00000068   Code   RO         1100    i.List_PrintNode    fileapp.o
    0x08002dc8   0x08002dc8   0x0000004a   Code   RO          612    i.OLED_DrawRectangle  nt35310.o
    0x08002e12   0x08002e12   0x00000002   PAD
    0x08002e14   0x08002e14   0x00000070   Code   RO         1046    i.RTC_IRQHandler    rtc.o
    0x08002e84   0x08002e84   0x00000080   Code   RO          847    i.SDEnWideBus       sdcard.o
    0x08002f04   0x08002f04   0x00000014   Code   RO          848    i.SDIO_Clock_Set    sdcard.o
    0x08002f18   0x08002f18   0x00000008   Code   RO          849    i.SDIO_IRQHandler   sdcard.o
    0x08002f20   0x08002f20   0x00000028   Code   RO          850    i.SDIO_Send_Cmd     sdcard.o
    0x08002f48   0x08002f48   0x00000034   Code   RO          851    i.SDIO_Send_Data_Cfg  sdcard.o
    0x08002f7c   0x08002f7c   0x00000098   Code   RO          852    i.SD_DMA_Config     sdcard.o
    0x08003014   0x08003014   0x00000068   Code   RO          853    i.SD_EnableWideBusOperation  sdcard.o
    0x0800307c   0x0800307c   0x00000310   Code   RO          854    i.SD_GetCardInfo    sdcard.o
    0x0800338c   0x0800338c   0x00000108   Code   RO          856    i.SD_Init           sdcard.o
    0x08003494   0x08003494   0x00000104   Code   RO          857    i.SD_InitializeCards  sdcard.o
    0x08003598   0x08003598   0x00000178   Code   RO          859    i.SD_PowerON        sdcard.o
    0x08003710   0x08003710   0x00000148   Code   RO          860    i.SD_ProcessIRQSrc  sdcard.o
    0x08003858   0x08003858   0x00000220   Code   RO          861    i.SD_ReadBlock      sdcard.o
    0x08003a78   0x08003a78   0x00000098   Code   RO          862    i.SD_ReadDisk       sdcard.o
    0x08003b10   0x08003b10   0x00000298   Code   RO          863    i.SD_ReadMultiBlocks  sdcard.o
    0x08003da8   0x08003da8   0x00000016   Code   RO          864    i.SD_SelectDeselect  sdcard.o
    0x08003dbe   0x08003dbe   0x00000002   PAD
    0x08003dc0   0x08003dc0   0x00000018   Code   RO          866    i.SD_SetDeviceMode  sdcard.o
    0x08003dd8   0x08003dd8   0x00000318   Code   RO          867    i.SD_WriteBlock     sdcard.o
    0x080040f0   0x080040f0   0x00000098   Code   RO          868    i.SD_WriteDisk      sdcard.o
    0x08004188   0x08004188   0x00000350   Code   RO          869    i.SD_WriteMultiBlocks  sdcard.o
    0x080044d8   0x080044d8   0x000001f8   Code   RO         1101    i.SDcard_DownFont   fileapp.o
    0x080046d0   0x080046d0   0x00000080   Code   RO          394    i.SPI2_Init         spi.o
    0x08004750   0x08004750   0x00000034   Code   RO          395    i.SPI2_WR_OneByte   spi.o
    0x08004784   0x08004784   0x000000d0   Code   RO          168    i.STM32_NVIC_SetPriority  sys.o
    0x08004854   0x08004854   0x00000174   Code   RO         1048    i.Sec_Conversion_Time  rtc.o
    0x080049c8   0x080049c8   0x00000008   Code   RO          108    i.SetSysClock       system_stm32f10x.o
    0x080049d0   0x080049d0   0x000000e0   Code   RO          109    i.SetSysClockTo72   system_stm32f10x.o
    0x08004ab0   0x08004ab0   0x000001a8   Code   RO          800    i.Sram_Init         sram.o
    0x08004c58   0x08004c58   0x0000002c   Code   RO          169    i.SysTick_Handler   sys.o
    0x08004c84   0x08004c84   0x00000064   Code   RO          111    i.SystemInit        system_stm32f10x.o
    0x08004ce8   0x08004ce8   0x0000007c   Code   RO          112    i.SystemInit_ExtMemCtl  system_stm32f10x.o
    0x08004d64   0x08004d64   0x00000010   Code   RO          346    i.TIM1_UP_IRQHandler  timer.o
    0x08004d74   0x08004d74   0x00000030   Code   RO          347    i.TIM2_IRQHandler   timer.o
    0x08004da4   0x08004da4   0x00000030   Code   RO          348    i.TIM3_IRQHandler   timer.o
    0x08004dd4   0x08004dd4   0x00000180   Code   RO          552    i.TIM4_IRQHandler   infrared.o
    0x08004f54   0x08004f54   0x00000486   Code   RO          760    i.Touch_Calibration  xpt2046.o
    0x080053da   0x080053da   0x00000002   PAD
    0x080053dc   0x080053dc   0x00000060   Code   RO          255    i.USART1_IRQHandler  usart.o
    0x0800543c   0x0800543c   0x00000068   Code   RO          256    i.USART2_IRQHandler  usart.o
    0x080054a4   0x080054a4   0x00000068   Code   RO          257    i.USART3_IRQHandler  usart.o
    0x0800550c   0x0800550c   0x00000124   Code   RO          264    i.Usartx_Init       usart.o
    0x08005630   0x08005630   0x00000044   Code   RO          412    i.W25Q64_Init       w25q64.o
    0x08005674   0x08005674   0x0000005c   Code   RO          413    i.W25Q64_PagePragram  w25q64.o
    0x080056d0   0x080056d0   0x00000042   Code   RO          414    i.W25Q64_PageWrite  w25q64.o
    0x08005712   0x08005712   0x00000002   PAD
    0x08005714   0x08005714   0x00000054   Code   RO          416    i.W25Q64_ReadData   w25q64.o
    0x08005768   0x08005768   0x00000044   Code   RO          418    i.W25Q64_SectorErase  w25q64.o
    0x080057ac   0x080057ac   0x00000034   Code   RO          419    i.W25Q64_WaitBusy   w25q64.o
    0x080057e0   0x080057e0   0x000000c4   Code   RO          420    i.W25Q64_WriteData  w25q64.o
    0x080058a4   0x080058a4   0x00000020   Code   RO          421    i.W25Q64_WriteEnter  w25q64.o
    0x080058c4   0x080058c4   0x0000007a   Code   RO          761    i.XPT2046_GetAvgXY  xpt2046.o
    0x0800593e   0x0800593e   0x00000002   PAD
    0x08005940   0x08005940   0x00000070   Code   RO          762    i.XPT2046_Init      xpt2046.o
    0x080059b0   0x080059b0   0x00000080   Code   RO          763    i.XPT2046_ReadXY    xpt2046.o
    0x08005a30   0x08005a30   0x0000009c   Code   RO          764    i.XPT2046_WRData    xpt2046.o
    0x08005acc   0x08005acc   0x00000032   Code   RO         1050    i.Year_judge        rtc.o
    0x08005afe   0x08005afe   0x00000002   PAD
    0x08005b00   0x08005b00   0x00000020   Code   RO         1835    i.__0printf         mc_w.l(printfa.o)
    0x08005b20   0x08005b20   0x00000034   Code   RO         1836    i.__0snprintf       mc_w.l(printfa.o)
    0x08005b54   0x08005b54   0x0000000e   Code   RO         2002    i.__scatterload_copy  mc_w.l(handlers.o)
    0x08005b62   0x08005b62   0x00000002   Code   RO         2003    i.__scatterload_null  mc_w.l(handlers.o)
    0x08005b64   0x08005b64   0x0000000e   Code   RO         2004    i.__scatterload_zeroinit  mc_w.l(handlers.o)
    0x08005b72   0x08005b72   0x00000002   PAD
    0x08005b74   0x08005b74   0x00000184   Code   RO         1842    i._fp_digits        mc_w.l(printfa.o)
    0x08005cf8   0x08005cf8   0x000006b4   Code   RO         1843    i._printf_core      mc_w.l(printfa.o)
    0x080063ac   0x080063ac   0x00000024   Code   RO         1844    i._printf_post_padding  mc_w.l(printfa.o)
    0x080063d0   0x080063d0   0x0000002e   Code   RO         1845    i._printf_pre_padding  mc_w.l(printfa.o)
    0x080063fe   0x080063fe   0x00000016   Code   RO         1846    i._snputc           mc_w.l(printfa.o)
    0x08006414   0x08006414   0x000000e0   Code   RO         1206    i.check_fs          ff.o
    0x080064f4   0x080064f4   0x0000001a   Code   RO         1207    i.clst2sect         ff.o
    0x0800650e   0x0800650e   0x00000002   PAD
    0x08006510   0x08006510   0x00000098   Code   RO         1208    i.cmp_lfn           ff.o
    0x080065a8   0x080065a8   0x00000012   Code   RO          870    i.convert_from_bytes_to_power_of_two  sdcard.o
    0x080065ba   0x080065ba   0x00000120   Code   RO         1209    i.create_chain      ff.o
    0x080066da   0x080066da   0x00000002   PAD
    0x080066dc   0x080066dc   0x0000025c   Code   RO         1210    i.create_name       ff.o
    0x08006938   0x08006938   0x00000034   Code   RO         1212    i.dbc_1st           ff.o
    0x0800696c   0x0800696c   0x00000048   Code   RO         1213    i.dbc_2nd           ff.o
    0x080069b4   0x080069b4   0x00000060   Code   RO         1214    i.dir_alloc         ff.o
    0x08006a14   0x08006a14   0x000000c2   Code   RO         1215    i.dir_clear         ff.o
    0x08006ad6   0x08006ad6   0x000000fc   Code   RO         1216    i.dir_find          ff.o
    0x08006bd2   0x08006bd2   0x000000ca   Code   RO         1217    i.dir_next          ff.o
    0x08006c9c   0x08006c9c   0x000000d2   Code   RO         1218    i.dir_read          ff.o
    0x08006d6e   0x08006d6e   0x00000146   Code   RO         1219    i.dir_register      ff.o
    0x08006eb4   0x08006eb4   0x0000009a   Code   RO         1221    i.dir_sdi           ff.o
    0x08006f4e   0x08006f4e   0x00000014   Code   RO         1157    i.disk_initialize   diskio.o
    0x08006f62   0x08006f62   0x00000002   PAD
    0x08006f64   0x08006f64   0x00000054   Code   RO         1158    i.disk_ioctl        diskio.o
    0x08006fb8   0x08006fb8   0x00000028   Code   RO         1159    i.disk_read         diskio.o
    0x08006fe0   0x08006fe0   0x00000006   Code   RO         1160    i.disk_status       diskio.o
    0x08006fe6   0x08006fe6   0x00000028   Code   RO         1161    i.disk_write        diskio.o
    0x0800700e   0x0800700e   0x00000022   Code   RO         1222    i.f_close           ff.o
    0x08007030   0x08007030   0x00000018   Code   RO         1223    i.f_closedir        ff.o
    0x08007048   0x08007048   0x00000054   Code   RO         1228    i.f_mount           ff.o
    0x0800709c   0x0800709c   0x00000212   Code   RO         1229    i.f_open            ff.o
    0x080072ae   0x080072ae   0x0000008a   Code   RO         1230    i.f_opendir         ff.o
    0x08007338   0x08007338   0x0000019c   Code   RO         1231    i.f_read            ff.o
    0x080074d4   0x080074d4   0x00000068   Code   RO         1232    i.f_readdir         ff.o
    0x0800753c   0x0800753c   0x00000058   Code   RO         1234    i.f_stat            ff.o
    0x08007594   0x08007594   0x000000a0   Code   RO         1235    i.f_sync            ff.o
    0x08007634   0x08007634   0x0000000c   Code   RO         1520    i.ff_memalloc       ffsystem.o
    0x08007640   0x08007640   0x0000000c   Code   RO         1521    i.ff_memfree        ffsystem.o
    0x0800764c   0x0800764c   0x00000068   Code   RO         1541    i.ff_oem2uni        ffunicode.o
    0x080076b4   0x080076b4   0x00000074   Code   RO         1542    i.ff_uni2oem        ffunicode.o
    0x08007728   0x08007728   0x000000b0   Code   RO         1543    i.ff_wtoupper       ffunicode.o
    0x080077d8   0x080077d8   0x00000078   Code   RO         1239    i.find_volume       ff.o
    0x08007850   0x08007850   0x0000009e   Code   RO         1240    i.follow_path       ff.o
    0x080078ee   0x080078ee   0x00000002   PAD
    0x080078f0   0x080078f0   0x0000001c   Code   RO          267    i.fputc             usart.o
    0x0800790c   0x0800790c   0x00000050   Code   RO         1863    i.free              mc_w.l(malloc.o)
    0x0800795c   0x0800795c   0x000000d4   Code   RO         1241    i.gen_numname       ff.o
    0x08007a30   0x08007a30   0x000000e0   Code   RO         1242    i.get_fat           ff.o
    0x08007b10   0x08007b10   0x00000008   Code   RO         1162    i.get_fattime       diskio.o
    0x08007b18   0x08007b18   0x00000182   Code   RO         1243    i.get_fileinfo      ff.o
    0x08007c9a   0x08007c9a   0x0000004e   Code   RO         1244    i.get_ldnumber      ff.o
    0x08007ce8   0x08007ce8   0x00000026   Code   RO         1245    i.ld_clust          ff.o
    0x08007d0e   0x08007d0e   0x00000018   Code   RO         1246    i.ld_dword          ff.o
    0x08007d26   0x08007d26   0x0000000c   Code   RO         1247    i.ld_word           ff.o
    0x08007d32   0x08007d32   0x00000002   PAD
    0x08007d34   0x08007d34   0x00000770   Code   RO            1    i.main              main.o
    0x080084a4   0x080084a4   0x0000006c   Code   RO         1864    i.malloc            mc_w.l(malloc.o)
    0x08008510   0x08008510   0x000002a8   Code   RO         1248    i.mount_volume      ff.o
    0x080087b8   0x080087b8   0x00000034   Code   RO         1249    i.move_window       ff.o
    0x080087ec   0x080087ec   0x0000008c   Code   RO         1250    i.pick_lfn          ff.o
    0x08008878   0x08008878   0x00000138   Code   RO         1251    i.put_fat           ff.o
    0x080089b0   0x080089b0   0x00000080   Code   RO         1252    i.put_lfn           ff.o
    0x08008a30   0x08008a30   0x00000042   Code   RO         1253    i.put_utf           ff.o
    0x08008a72   0x08008a72   0x0000009a   Code   RO         1254    i.remove_chain      ff.o
    0x08008b0c   0x08008b0c   0x00000024   Code   RO         1255    i.st_clust          ff.o
    0x08008b30   0x08008b30   0x00000018   Code   RO         1256    i.st_dword          ff.o
    0x08008b48   0x08008b48   0x0000000c   Code   RO         1257    i.st_word           ff.o
    0x08008b54   0x08008b54   0x00000020   Code   RO         1258    i.sum_sfn           ff.o
    0x08008b74   0x08008b74   0x0000008c   Code   RO         1259    i.sync_fs           ff.o
    0x08008c00   0x08008c00   0x0000004a   Code   RO         1260    i.sync_window       ff.o
    0x08008c4a   0x08008c4a   0x0000004c   Code   RO         1261    i.tchar2uni         ff.o
    0x08008c96   0x08008c96   0x0000003c   Code   RO         1262    i.validate          ff.o
    0x08008cd2   0x08008cd2   0x0000298c   Data   RO          753    .constdata          ascii.o
    0x0800b65e   0x0800b65e   0x00000018   Data   RO         1052    .constdata          rtc.o
    0x0800b676   0x0800b676   0x00000008   Data   RO         1103    .constdata          fileapp.o
    0x0800b67e   0x0800b67e   0x00000002   PAD
    0x0800b680   0x0800b680   0x00000044   Data   RO         1263    .constdata          ff.o
    0x0800b6c4   0x0800b6c4   0x0002abb6   Data   RO         1544    .constdata          ffunicode.o
    0x0803627a   0x0803627a   0x00000002   PAD
    0x0803627c   0x0803627c   0x00000020   Data   RO         2000    Region$$Table       anon$$obj.o


    Execution Region RW_IRAM1 (Exec base: 0x20000000, Load base: 0x080362e0, Size: 0x00000000, Max: 0x00010000, ABSOLUTE)

    **** No section assigned to this execution region ****


    Execution Region RW_RAM1 (Exec base: 0x68000000, Load base: 0x0803629c, Size: 0x00051920, Max: 0x00100000, ABSOLUTE)

    Exec Addr    Load Addr    Size         Type   Attr      Idx    E Section Name        Object

    0x68000000   0x0803629c   0x0000000b   Data   RW          269    .data               usart.o
    0x6800000b   0x080362a7   0x00000001   PAD
    0x6800000c   0x080362a8   0x0000000d   Data   RW          553    .data               infrared.o
    0x68000019   0x080362b5   0x00000003   PAD
    0x6800001c   0x080362b8   0x00000010   Data   RW          872    .data               sdcard.o
    0x6800002c   0x080362c8   0x00000004   Data   RW         1104    .data               fileapp.o
    0x68000030   0x080362cc   0x00000006   Data   RW         1264    .data               ff.o
    0x68000036   0x080362d2   0x00000002   PAD
    0x68000038   0x080362d4   0x00000004   Data   RW         1961    .data               mc_w.l(stdout.o)
    0x6800003c   0x080362d8   0x00000004   Data   RW         1968    .data               mc_w.l(mvars.o)
    0x68000040   0x080362dc   0x00000004   Data   RW         1969    .data               mc_w.l(mvars.o)
    0x68000044        -       0x00000234   Zero   RW            2    .bss                main.o
    0x68000278        -       0x00000c00   Zero   RW          268    .bss                usart.o
    0x68000e78        -       0x00002000   Zero   RW          422    .bss                w25q64.o
    0x68002e78        -       0x0004b000   Zero   RW          616    .bss                nt35310.o
    0x6804de78        -       0x0000001c   Zero   RW          765    .bss                xpt2046.o
    0x6804de94   0x080362e0   0x00000004   PAD
    0x6804de98        -       0x00000278   Zero   RW          871    .bss                sdcard.o
    0x6804e110        -       0x0000000c   Zero   RW         1051    .bss                rtc.o
    0x6804e11c        -       0x00001002   Zero   RW         1102    .bss                fileapp.o
    0x6804f11e   0x080362e0   0x00000002   PAD
    0x6804f120        -       0x00002800   Zero   RW          148    HEAP                startup_stm32f10x_hd.o


==============================================================================

Image component sizes


      Code (inc. data)   RO Data    RW Data    ZI Data      Debug   Object Name

         0          0      10636          0          0        645   ascii.o
       364          0          0          0          0       2867   at24c08.o
        44          8          0          0          0        464   beep.o
         0          0          0          0          0         32   core_cm3.o
       138          0          0          0          0       1194   delay.o
       198          8          0          0          0       5128   diskio.o
      7664         98         68          6          0      56518   ff.o
        24          0          0          0          0       1099   ffsystem.o
       396         28     175030          0          0       3064   ffunicode.o
      1594        180          8          4       4098      16004   fileapp.o
       584         84          0          0          0       3905   iic.o
       384         24          0         13          0       1522   infrared.o
       108         22          0          0          0        479   key.o
       112         12          0          0          0        483   led.o
      1904        558          0          0        564     212532   main.o
      5638         76          0          0     307200      13699   nt35310.o
       634         66         24          0         12       3734   rtc.o
      6728        334          0         16        632      34116   sdcard.o
       180         22          0          0          0       1054   spi.o
       424         42          0          0          0        588   sram.o
        36          8        304          0      10240        840   startup_stm32f10x_hd.o
       260         30          0          0          0      17775   sys.o
       456         70          0          0          0       2557   system_stm32f10x.o
       112         16          0          0          0       1465   timer.o
       624         98          0         11       3072       3918   usart.o
       658         54          0          0       8192       5680   w25q64.o
      1676        186          0          0         28       4475   xpt2046.o

    ----------------------------------------------------------------------
     30968       2024     186106         56     334044     395837   Object Totals
         0          0         32          0          0          0   (incl. Generated)
        28          0          4          6          6          0   (incl. Padding)

    ----------------------------------------------------------------------

      Code (inc. data)   RO Data    RW Data    ZI Data      Debug   Library Member Name

         0          0          0          0          0          0   entry.o
         0          0          0          0          0          0   entry10a.o
         0          0          0          0          0          0   entry11a.o
         4          0          0          0          0          0   entry12b.o
         8          4          0          0          0          0   entry2.o
         4          0          0          0          0          0   entry5.o
         0          0          0          0          0          0   entry7b.o
         0          0          0          0          0          0   entry8b.o
         8          4          0          0          0          0   entry9a.o
        30          0          0          0          0          0   handlers.o
        36          8          0          0          0         68   init.o
         0          0          0          0          0          0   iusefp.o
        98          0          0          0          0         84   ldiv.o
        30          0          0          0          0         68   llshl.o
        36          0          0          0          0         68   llsshr.o
        32          0          0          0          0         68   llushr.o
       188         20          0          0          0        160   malloc.o
        26          0          0          0          0         80   memcmp.o
        36          0          0          0          0         68   memcpya.o
        36          0          0          0          0        108   memseta.o
         0          0          0          8          0          0   mvars.o
      2292         94          0          0          0        620   printfa.o
         0          0          0          4          0          0   stdout.o
        20          0          0          0          0         68   strchr.o
        18          0          0          0          0         68   strcpy.o
        36          0          0          0          0         80   strstr.o
        44          0          0          0          0         80   uidiv.o
        98          0          0          0          0         92   uldiv.o
        48          0          0          0          0         68   cdrcmple.o
        20          0          0          0          0         68   cfcmple.o
        56          0          0          0          0         88   d2f.o
       334          0          0          0          0        148   dadd.o
       222          0          0          0          0        100   ddiv.o
       186          0          0          0          0        176   depilogue.o
        48          0          0          0          0         68   dfixul.o
        34          0          0          0          0         76   dflti.o
        26          0          0          0          0         76   dfltui.o
       228          0          0          0          0         96   dmul.o
        38          0          0          0          0         68   f2d.o
       176          0          0          0          0        140   fadd.o
       110          0          0          0          0        168   fepilogue.o
        40          0          0          0          0         68   ffixui.o
        18          0          0          0          0         68   fflti.o
        10          0          0          0          0         68   ffltui.o
       100          0          0          0          0         76   fmul.o

    ----------------------------------------------------------------------
      4778        130          0         12          0       3400   Library Totals
         4          0          0          0          0          0   (incl. Padding)

    ----------------------------------------------------------------------

      Code (inc. data)   RO Data    RW Data    ZI Data      Debug   Library Name

      3080        130          0         12          0       1780   mc_w.l
      1694          0          0          0          0       1620   mf_w.l

    ----------------------------------------------------------------------
      4778        130          0         12          0       3400   Library Totals

    ----------------------------------------------------------------------

==============================================================================


      Code (inc. data)   RO Data    RW Data    ZI Data      Debug   

     35746       2154     186106         68     334044     389301   Grand Totals
     35746       2154     186106         68     334044     389301   ELF Image Totals
     35746       2154     186106         68          0          0   ROM Totals

==============================================================================

    Total RO  Size (Code + RO Data)               221852 ( 216.65kB)
    Total RW  Size (RW Data + ZI Data)            334112 ( 326.28kB)
    Total ROM Size (Code + RO Data + RW Data)     221920 ( 216.72kB)

==============================================================================

